Command: E:\ESP\Espressif\python_env\idf5.5_py3.11_env\Scripts\python.exe E:\Development\tools/idf_monitor.py -p COM3 -b 115200 --toolchain-prefix xtensa-esp32s3-elf- --target esp32s3 --revision 0 E:\CProjects\esp32-s3-mp3-player\build\esp32-s3-mp3-player.elf E:\CProjects\esp32-s3-mp3-player\build\bootloader\bootloader.elf --force-color -m 'E:\ESP\Espressif\python_env\idf5.5_py3.11_env\Scripts\python.exe' 'E:\Development\tools\idf.py' '-B'
p_init:�ESP-ROM:esp32s3-20210327
Build:Mar 27 2021
rst:0x1 (POWERON),boot:0x8 (SPI_FAST_FLASH_BOOT)
SPIWP:0xee
mode:DIO, clock div:1
load:0x3fce2820,len:0x14f0
load:0x403c8700,len:0xd24
load:0x403cb700,len:0x2ef0
entry 0x403c8924
[0;32mI (24) boot: ESP-IDF v5.5.3-dirty 2nd stage bootloader[0m
[0;32mI (25) boot: compile time Mar 15 2026 14:33:44[0m
[0;32mI (25) boot: Multicore bootloader[0m
[0;32mI (25) boot: chip revision: v0.2[0m
[0;32mI (28) boot: efuse block revision: v1.4[0m
[0;32mI (32) boot.esp32s3: Boot SPI Speed : 80MHz[0m
[0;32mI (36) boot.esp32s3: SPI Mode       : DIO[0m
[0;32mI (39) boot.esp32s3: SPI Flash Size : 2MB[0m
[0;32mI (43) boot: Enabling RNG early entropy source...[0m
[0;32mI (48) boot: Partition Table:[0m
[0;32mI (50) boot: ## Label            Usage          Type ST Offset   Length[0m
[0;32mI (57) boot:  0 nvs              WiFi data        01 02 00009000 00006000[0m
[0;32mI (63) boot:  1 phy_init         RF data          01 01 0000f000 00001000[0m
[0;32mI (70) boot:  2 factory          factory app      00 00 00010000 00100000[0m
[0;32mI (76) boot: End of partition table[0m
[0;32mI (79) esp_image: segment 0: paddr=00010020 vaddr=3c020020 size=0c81ch ( 51228) map[0m
[0;32mI (96) esp_image: segment 1: paddr=0001c844 vaddr=3fc95200 size=0329ch ( 12956) load[0m
[0;32mI (99) esp_image: segment 2: paddr=0001fae8 vaddr=40374000 size=00530h (  1328) load[0m
[0;32mI (102) esp_image: segment 3: paddr=00020020 vaddr=42000020 size=19308h (103176) map[0m
[0;32mI (127) esp_image: segment 4: paddr=00039330 vaddr=40374530 size=10c80h ( 68736) load[0m
[0;32mI (143) esp_image: segment 5: paddr=00049fb8 vaddr=50000000 size=00020h (    32) load[0m
[0;32mI (150) boot: Loaded app from partition at offset 0x10000[0m
[0;32mI (150) boot: Disabling RNG early entropy source...[0m
[0;32mI (160) cpu_start: Multicore app[0m
[0;32mI (169) cpu_start: GPIO 44 and 43 are used as console UART I/O pins[0m
[0;32mI (169) cpu_start: Pro cpu start user code[0m
[0;32mI (170) cpu_start: cpu freq: 160000000 Hz[0m
[0;32mI (171) app_init: Application information:[0m
[0;32mI (175) app_init: Project name:     esp32-s3-mp3-player[0m
[0;32mI (180) app_init: App version:      1[0m
[0;32mI (183) app_init: Compile time:     Mar 15 2026 14:33:32[0m
[0;32mI (188) app_init: ELF file SHA256:  52568ac17...[0m
[0;32mI (193) app_init: ESP-IDF:          v5.5.3-dirty[0m
[0;32mI (197) efuse_init: Min chip rev:     v0.0[0m
[0;32mI (201) efuse_init: Max chip rev:     v0.99 [0m
[0;32mI (205) efuse_init: Chip rev:         v0.2[0m
[0;32mI (209) heap_init: Initializing. RAM available for dynamic allocation:[0m
[0;32mI (215) heap_init: At 3FC98DA8 len 00050968 (322 KiB): RAM[0m
[0;32mI (220) heap_init: At 3FCE9710 len 00005724 (21 KiB): RAM[0m
[0;32mI (225) heap_init: At 3FCF0000 len 00008000 (32 KiB): DRAM[0m
[0;32mI (230) heap_init: At 600FE000 len 00001FE8 (7 KiB): RTCRAM[0m
[0;32mI (237) spi_flash: detected chip: boya[0m
[0;32mI (239) spi_flash: flash io: dio[0m
[0;33mW (242) spi_flash: Detected size(16384k) larger than the size in the binary image header(2048k). Using the size in the binary image header.[0m
[0;32mI (254) sleep_gpio: Configure to isolate all GPIO pins in sleep state[0m
[0;32mI (261) sleep_gpio: Enable automatic switching of GPIO sleep configuration[0m
[0;32mI (268) main_task: Started on CPU0[0m
[0;32mI (288) main_task: Calling app_main()[0m
[0;32mI (288) LCD_TEST: Initializing SPI bus[0m
[0;32mI (288) LCD_TEST: Initializing LCD panel IO[0m
[0;32mI (288) LCD_TEST: Initializing ST7789 panel[0m
[0;32mI (478) LCD_TEST: Display initialized successfully![0m
[0;32mI (478) main_task: Returned from app_main()[0m
