Command: E:\ESP\Espressif\python_env\idf5.5_py3.11_env\Scripts\python.exe E:\Development\tools/idf_monitor.py -p COM3 -b 115200 --toolchain-prefix xtensa-esp32s3-elf- --target esp32s3 --revision 0 E:\CProjects\esp32-s3-mp3-player\build\esp32-s3-mp3-player.elf E:\CProjects\esp32-s3-mp3-player\build\bootloader\bootloader.elf --force-color -m 'E:\ESP\Espressif\python_env\idf5.5_py3.11_env\Scripts\python.exe' 'E:\Development\tools\idf.py' '-B'
�j���ESP-ROM:esp32s3-20210327
Build:Mar 27 2021
rst:0x1 (POWERON),boot:0x8 (SPI_FAST_FLASH_BOOT)
SPIWP:0xee
mode:DIO, clock div:1
load:0x3fce2820,len:0x14f0
load:0x403c8700,len:0xd24
load:0x403cb700,len:0x2ef0
entry 0x403c8924
[0;32mI (24) boot: ESP-IDF v5.5.3-dirty 2nd stage bootloader[0m
[0;32mI (25) boot: compile time Mar 15 2026 14:33:44[0m
[0;32mI (25) boot: Multicore bootloader[0m
[0;32mI (25) boot: chip revision: v0.2[0m
[0;32mI (28) boot: efuse block revision: v1.4[0m
[0;32mI (32) boot.esp32s3: Boot SPI Speed : 80MHz[0m
[0;32mI (36) boot.esp32s3: SPI Mode       : DIO[0m
[0;32mI (39) boot.esp32s3: SPI Flash Size : 2MB[0m
[0;32mI (43) boot: Enabling RNG early entropy source...[0m
[0;32mI (48) boot: Partition Table:[0m
[0;32mI (50) boot: ## Label            Usage          Type ST Offset   Length[0m
[0;32mI (57) boot:  0 nvs              WiFi data        01 02 00009000 00006000[0m
[0;32mI (63) boot:  1 phy_init         RF data          01 01 0000f000 00001000[0m
[0;32mI (70) boot:  2 factory          factory app      00 00 00010000 00100000[0m
[0;32mI (76) boot: End of partition table[0m
[0;32mI (79) esp_image: segment 0: paddr=00010020 vaddr=3c050020 size=10f4ch ( 69452) map[0m
[0;32mI (99) esp_image: segment 1: paddr=00020f74 vaddr=3fc95200 size=0332ch ( 13100) load[0m
[0;32mI (102) esp_image: segment 2: paddr=000242a8 vaddr=40374000 size=0bd70h ( 48496) load[0m
[0;32mI (113) esp_image: segment 3: paddr=00030020 vaddr=42000020 size=41648h (267848) map[0m
[0;32mI (161) esp_image: segment 4: paddr=00071670 vaddr=4037fd70 size=05440h ( 21568) load[0m
[0;32mI (166) esp_image: segment 5: paddr=00076ab8 vaddr=50000000 size=00020h (    32) load[0m
[0;32mI (173) boot: Loaded app from partition at offset 0x10000[0m
[0;32mI (173) boot: Disabling RNG early entropy source...[0m
[0;32mI (186) cpu_start: Multicore app[0m
[0;32mI (195) cpu_start: GPIO 44 and 43 are used as console UART I/O pins[0m
[0;32mI (196) cpu_start: Pro cpu start user code[0m
[0;32mI (196) cpu_start: cpu freq: 160000000 Hz[0m
[0;32mI (197) app_init: Application information:[0m
[0;32mI (201) app_init: Project name:     esp32-s3-mp3-player[0m
[0;32mI (206) app_init: App version:      1[0m
[0;32mI (209) app_init: Compile time:     Mar 15 2026 20:52:28[0m
[0;32mI (214) app_init: ELF file SHA256:  339597ba4...[0m
[0;32mI (219) app_init: ESP-IDF:          v5.5.3-dirty[0m
[0;32mI (223) efuse_init: Min chip rev:     v0.0[0m
[0;32mI (227) efuse_init: Max chip rev:     v0.99 [0m
[0;32mI (231) efuse_init: Chip rev:         v0.2[0m
[0;32mI (235) heap_init: Initializing. RAM available for dynamic allocation:[0m
[0;32mI (241) heap_init: At 3FCA1318 len 000483F8 (288 KiB): RAM[0m
[0;32mI (246) heap_init: At 3FCE9710 len 00005724 (21 KiB): RAM[0m
[0;32mI (251) heap_init: At 3FCF0000 len 00008000 (32 KiB): DRAM[0m
[0;32mI (256) heap_init: At 600FE000 len 00001FE8 (7 KiB): RTCRAM[0m
[0;32mI (263) spi_flash: detected chip: boya[0m
[0;32mI (265) spi_flash: flash io: dio[0m
[0;33mW (268) spi_flash: Detected size(16384k) larger than the size in the binary image header(2048k). Using the size in the binary image header.[0m
[0;32mI (281) sleep_gpio: Configure to isolate all GPIO pins in sleep state[0m
[0;32mI (287) sleep_gpio: Enable automatic switching of GPIO sleep configuration[0m
[0;32mI (294) main_task: Started on CPU0[0m
[0;32mI (314) main_task: Calling app_main()[0m
[0;32mI (314) MP3_UI: Initializing display[0m
[0;32mI (434) MP3_UI: Creating UI[0m
Guru Meditation Error: Core  0 panic'ed (LoadProhibited). Exception was unhandled.

Core  0 register dump:
PC      : 0x4203c433  PS      : 0x00060031  A0      : 0x82009e94  A1      : 0x3fc96410  
A2      : 0x00000000  A3      : 0x600c2054  A4      : 0x00000006  A5      : 0x00060023  
A6      : 0x00000000  A7      : 0x0000cdcd  A8      : 0x8037c071  A9      : 0x3fc96400  
A10     : 0x00060023  A11     : 0x00000001  A12     : 0x00060021  A13     : 0x3fca38c0  
A14     : 0x3c05abe4  A15     : 0x3fca3930  SAR     : 0x00000015  EXCCAUSE: 0x0000001c  
EXCVADDR: 0x0000000c  LBEG    : 0x400570e8  LEND    : 0x400570f3  LCOUNT  : 0x00000000  


Backtrace: 0x4203c430:0x3fc96410 0x42009e91:0x3fc96430 0x4200ab81:0x3fc96450 0x40378193:0x3fc96470 0x4037846f:0x3fc96490 0x40377015:0x3fc964c0 0x42011a19:0x3fca3a00 0x42012021:0x3fca3a20 0x42012177:0x3fca3a90 0x42012284:0x3fca3ac0 0x4201242a:0x3fca3ae0 0x42016ed5:0x3fca3b10 0x42016f7f:0x3fca3b30 0x4200a2a2:0x3fca3b50 0x42040834:0x3fca3c00 0x4037bd0d:0x3fca3c30




ELF file SHA256: 339597ba4

Rebooting...
���ESP-ROM:esp32s3-20210327
Build:Mar 27 2021
rst:0xc (RTC_SW_CPU_RST),boot:0x8 (SPI_FAST_FLASH_BOOT)
Saved PC:0x4037b1e0
SPIWP:0xee
mode:DIO, clock div:1
load:0x3fce2820,len:0x14f0
load:0x403c8700,len:0xd24
load:0x403cb700,len:0x2ef0
entry 0x403c8924
[0;32mI (29) boot: ESP-IDF v5.5.3-dirty 2nd stage bootloader[0m
[0;32mI (29) boot: compile time Mar 15 2026 14:33:44[0m
[0;32mI (29) boot: Multicore bootloader[0m
[0;32mI (30) boot: chip revision: v0.2[0m
[0;32mI (33) boot: efuse block revision: v1.4[0m
[0;32mI (36) boot.esp32s3: Boot SPI Speed : 80MHz[0m
[0;32mI (40) boot.esp32s3: SPI Mode       : DIO[0m
[0;32mI (44) boot.esp32s3: SPI Flash Size : 2MB[0m
[0;32mI (48) boot: Enabling RNG early entropy source...[0m
[0;32mI (52) boot: Partition Table:[0m
[0;32mI (55) boot: ## Label            Usage          Type ST Offset   Length[0m
[0;32mI (61) boot:  0 nvs              WiFi data        01 02 00009000 00006000[0m
[0;32mI (67) boot:  1 phy_init         RF data          01 01 0000f000 00001000[0m
[0;32mI (74) boot:  2 factory          factory app      00 00 00010000 00100000[0m
[0;32mI (81) boot: End of partition table[0m
[0;32mI (84) esp_image: segment 0: paddr=00010020 vaddr=3c050020 size=10f4ch ( 69452) map[0m
[0;32mI (103) esp_image: segment 1: paddr=00020f74 vaddr=3fc95200 size=0332ch ( 13100) load[0m
[0;32mI (107) esp_image: segment 2: paddr=000242a8 vaddr=40374000 size=0bd70h ( 48496) load[0m
[0;32mI (118) esp_image: segment 3: paddr=00030020 vaddr=42000020 size=41648h (267848) map[0m
[0;32mI (165) esp_image: segment 4: paddr=00071670 vaddr=4037fd70 size=05440h ( 21568) load[0m
[0;32mI (171) esp_image: segment 5: paddr=00076ab8 vaddr=50000000 size=00020h (    32) load[0m
[0;32mI (178) boot: Loaded app from partition at offset 0x10000[0m
[0;32mI (178) boot: Disabling RNG early entropy source...[0m
[0;32mI (191) cpu_start: Multicore app[0m
[0;32mI (199) cpu_start: GPIO 44 and 43 are used as console UART I/O pins[0m
[0;32mI (200) cpu_start: Pro cpu start user code[0m
[0;32mI (200) cpu_start: cpu freq: 160000000 Hz[0m
[0;32mI (202) app_init: Application information:[0m
[0;32mI (205) app_init: Project name:     esp32-s3-mp3-player[0m
[0;32mI (210) app_init: App version:      1[0m
[0;32mI (214) app_init: Compile time:     Mar 15 2026 20:52:28[0m
[0;32mI (219) app_init: ELF file SHA256:  339597ba4...[0m
[0;32mI (223) app_init: ESP-IDF:          v5.5.3-dirty[0m
[0;32mI (227) efuse_init: Min chip rev:     v0.0[0m
[0;32mI (231) efuse_init: Max chip rev:     v0.99 [0m
[0;32mI (235) efuse_init: Chip rev:         v0.2[0m
[0;32mI (239) heap_init: Initializing. RAM available for dynamic allocation:[0m
[0;32mI (245) heap_init: At 3FCA1318 len 000483F8 (288 KiB): RAM[0m
[0;32mI (251) heap_init: At 3FCE9710 len 00005724 (21 KiB): RAM[0m
[0;32mI (256) heap_init: At 3FCF0000 len 00008000 (32 KiB): DRAM[0m
[0;32mI (261) heap_init: At 600FE000 len 00001FE8 (7 KiB): RTCRAM[0m
[0;32mI (267) spi_flash: detected chip: boya[0m
[0;32mI (270) spi_flash: flash io: dio[0m
[0;33mW (273) spi_flash: Detected size(16384k) larger than the size in the binary image header(2048k). Using the size in the binary image header.[0m
[0;32mI (285) sleep_gpio: Configure to isolate all GPIO pins in sleep state[0m
[0;32mI (291) sleep_gpio: Enable automatic switching of GPIO sleep configuration[0m
[0;32mI (298) main_task: Started on CPU0[0m
[0;32mI (318) main_task: Calling app_main()[0m
[0;32mI (318) MP3_UI: Initializing display[0m
[0;32mI (438) MP3_UI: Creating UI[0m
Guru Meditation Error: Core  0 panic'ed (LoadProhibited). Exception was unhandled.

Core  0 register dump:
PC      : 0x4203c433  PS      : 0x00060031  A0      : 0x82009e94  A1      : 0x3fc96410  
A2      : 0x00000000  A3      : 0x600c2054  A4      : 0x00000006  A5      : 0x00060023  
A6      : 0x00000000  A7      : 0x0000cdcd  A8      : 0x8037c071  A9      : 0x3fc96400  
A10     : 0x00060023  A11     : 0x00000001  A12     : 0x00060021  A13     : 0x3fca38c0  
A14     : 0x3c05abe4  A15     : 0x3fca3930  SAR     : 0x00000015  EXCCAUSE: 0x0000001c  
EXCVADDR: 0x0000000c  LBEG    : 0x400570e8  LEND    : 0x400570f3  LCOUNT  : 0x00000000  


Backtrace: 0x4203c430:0x3fc96410 0x42009e91:0x3fc96430 0x4200ab81:0x3fc96450 0x40378193:0x3fc96470 0x4037846f:0x3fc96490 0x40377015:0x3fc964c0 0x42011a19:0x3fca3a00 0x42012021:0x3fca3a20 0x42012177:0x3fca3a90 0x42012284:0x3fca3ac0 0x4201242a:0x3fca3ae0 0x42016ed5:0x3fca3b10 0x42016f7f:0x3fca3b30 0x4200a2a2:0x3fca3b50 0x42040834:0x3fca3c00 0x4037bd0d:0x3fca3c30




ELF file SHA256: 339597ba4

Rebooting...
ESP-ROM:esp32s3-20210327
Build:Mar 27 2021
rst:0xc (RTC_SW_CPU_RST),boot:0x8 (SPI_FAST_FLASH_BOOT)
Saved PC:0x4037b1e0
SPIWP:0xee
mode:DIO, clock div:1
load:0x3fce2820,len:0x14f0
load:0x403c8700,len:0xd24
load:0x403cb700,len:0x2ef0
entry 0x403c8924
[0;32mI (29) boot: ESP-IDF v5.5.3-dirty 2nd stage bootloader[0m
[0;32mI (29) boot: compile time Mar 15 2026 14:33:44[0m
[0;32mI (29) boot: Multicore bootloader[0m
[0;32mI (30) boot: chip revision: v0.2[0m
[0;32mI (33) boot: efuse block revision: v1.4[0m
[0;32mI (36) boot.esp32s3: Boot SPI Speed : 80MHz[0m
[0;32mI (40) boot.esp32s3: SPI Mode       : DIO[0m
[0;32mI (44) boot.esp32s3: SPI Flash Size : 2MB[0m
[0;32mI (48) boot: Enabling RNG early entropy source...[0m
[0;32mI (52) boot: Partition Table:[0m
[0;32mI (55) boot: ## Label            Usage          Type ST Offset   Length[0m
[0;32mI (61) boot:  0 nvs              WiFi data        01 02 00009000 00006000[0m
[0;32mI (67) boot:  1 phy_init         RF data          01 01 0000f000 00001000[0m
[0;32mI (74) boot:  2 factory          factory app      00 00 00010000 00100000[0m
[0;32mI (81) boot: End of partition table[0m
[0;32mI (84) esp_image: segment 0: paddr=00010020 vaddr=3c050020 size=10f4ch ( 69452) map[0m
[0;32mI (103) esp_image: segment 1: paddr=00020f74 vaddr=3fc95200 size=0332ch ( 13100) load[0m
[0;32mI (107) esp_image: segment 2: paddr=000242a8 vaddr=40374000 size=0bd70h ( 48496) load[0m
[0;32mI (118) esp_image: segment 3: paddr=00030020 vaddr=42000020 size=41648h (267848) map[0m
[0;32mI (165) esp_image: segment 4: paddr=00071670 vaddr=4037fd70 size=05440h ( 21568) load[0m
[0;32mI (171) esp_image: segment 5: paddr=00076ab8 vaddr=50000000 size=00020h (    32) load[0m
[0;32mI (178) boot: Loaded app from partition at offset 0x10000[0m
[0;32mI (178) boot: Disabling RNG early entropy source...[0m
[0;32mI (191) cpu_start: Multicore app[0m
[0;32mI (199) cpu_start: GPIO 44 and 43 are used as console UART I/O pins[0m
[0;32mI (200) cpu_start: Pro cpu start user code[0m
[0;32mI (200) cpu_start: cpu freq: 160000000 Hz[0m
[0;32mI (202) app_init: Application information:[0m
[0;32mI (205) app_init: Project name:     esp32-s3-mp3-player[0m
[0;32mI (210) app_init: App version:      1[0m
[0;32mI (214) app_init: Compile time:     Mar 15 2026 20:52:28[0m
[0;32mI (219) app_init: ELF file SHA256:  339597ba4...[0m
[0;32mI (223) app_init: ESP-IDF:          v5.5.3-dirty[0m
[0;32mI (227) efuse_init: Min chip rev:     v0.0[0m
[0;32mI (231) efuse_init: Max chip rev:     v0.99 [0m
[0;32mI (235) efuse_init: Chip rev:         v0.2[0m
[0;32mI (239) heap_init: Initializing. RAM available for dynamic allocation:[0m
[0;32mI (245) heap_init: At 3FCA1318 len 000483F8 (288 KiB): RAM[0m
[0;32mI (251) heap_init: At 3FCE9710 len 00005724 (21 KiB): RAM[0m
[0;32mI (256) heap_init: At 3FCF0000 len 00008000 (32 KiB): DRAM[0m
[0;32mI (261) heap_init: At 600FE000 len 00001FE8 (7 KiB): RTCRAM[0m
[0;32mI (267) spi_flash: detected chip: boya[0m
[0;32mI (270) spi_flash: flash io: dio[0m
[0;33mW (273) spi_flash: Detected size(16384k) larger than the size in the binary image header(2048k). Using the size in the binary image header.[0m
[0;32mI (285) sleep_gpio: Configure to isolate all GPIO pins in sleep state[0m
[0;32mI (291) sleep_gpio: Enable automatic switching of GPIO sleep configuration[0m
[0;32mI (298) main_task: Started on CPU0[0m
[0;32mI (318) main_task: Calling app_main()[0m
[0;32mI (318) MP3_UI: Initializing display[0m
[0;32mI (438) MP3_UI: Creating UI[0m
Guru Meditation Error: Core  0 panic'ed (LoadProhibited). Exception was unhandled.

Core  0 register dump:
PC      : 0x4203c433  PS      : 0x00060031  A0      : 0x82009e94  A1      : 0x3fc96410  
A2      : 0x00000000  A3      : 0x600c2054  A4      : 0x00000006  A5      : 0x00060023  
A6      : 0x00000000  A7      : 0x0000cdcd  A8      : 0x8037c071  A9      : 0x3fc96400  
A10     : 0x00060023  A11     : 0x00000001  A12     : 0x00060021  A13     : 0x3fca38c0  
A14     : 0x3c05abe4  A15     : 0x3fca3930  SAR     : 0x00000015  EXCCAUSE: 0x0000001c  
EXCVADDR: 0x0000000c  LBEG    : 0x400570e8  LEND    : 0x400570f3  LCOUNT  : 0x00000000  


Backtrace: 0x4203c430:0x3fc96410 0x42009e91:0x3fc96430 0x4200ab81:0x3fc96450 0x40378193:0x3fc96470 0x4037846f:0x3fc96490 0x40377015:0x3fc964c0 0x42011a19:0x3fca3a00 0x42012021:0x3fca3a20 0x42012177:0x3fca3a90 0x42012284:0x3fca3ac0 0x4201242a:0x3fca3ae0 0x42016ed5:0x3fca3b10 0x42016f7f:0x3fca3b30 0x4200a2a2:0x3fca3b50 0x42040834:0x3fca3c00 0x4037bd0d:0x3fca3c30




ELF file SHA256: 339597ba4

Rebooting...
ESP-ROM:esp32s3-20210327
Build:Mar 27 2021
rst:0xc (RTC_SW_CPU_RST),boot:0x8 (SPI_FAST_FLASH_BOOT)
Saved PC:0x4037b1e0
SPIWP:0xee
mode:DIO, clock div:1
load:0x3fce2820,len:0x14f0
load:0x403c8700,len:0xd24
load:0x403cb700,len:0x2ef0
entry 0x403c8924
[0;32mI (29) boot: ESP-IDF v5.5.3-dirty 2nd stage bootloader[0m
[0;32mI (29) boot: compile time Mar 15 2026 14:33:44[0m
[0;32mI (29) boot: Multicore bootloader[0m
[0;32mI (30) boot: chip revision: v0.2[0m
[0;32mI (33) boot: efuse block revision: v1.4[0m
[0;32mI (36) boot.esp32s3: Boot SPI Speed : 80MHz[0m
[0;32mI (40) boot.esp32s3: SPI Mode       : DIO[0m
[0;32mI (44) boot.esp32s3: SPI Flash Size : 2MB[0m
[0;32mI (48) boot: Enabling RNG early entropy source...[0m
[0;32mI (52) boot: Partition Table:[0m
[0;32mI (55) boot: ## Label            Usage          Type ST Offset   Length[0m
[0;32mI (61) boot:  0 nvs              WiFi data        01 02 00009000 00006000[0m
[0;32mI (67) boot:  1 phy_init         RF data          01 01 0000f000 00001000[0m
[0;32mI (74) boot:  2 factory          factory app      00 00 00010000 00100000[0m
[0;32mI (81) boot: End of partition table[0m
[0;32mI (84) esp_image: segment 0: paddr=00010020 vaddr=3c050020 size=10f4ch ( 69452) map[0m
[0;32mI (103) esp_image: segment 1: paddr=00020f74 vaddr=3fc95200 size=0332ch ( 13100) load[0m
[0;32mI (107) esp_image: segment 2: paddr=000242a8 vaddr=40374000 size=0bd70h ( 48496) load[0m
[0;32mI (118) esp_image: segment 3: paddr=00030020 vaddr=42000020 size=41648h (267848) map[0m
[0;32mI (165) esp_image: segment 4: paddr=00071670 vaddr=4037fd70 size=05440h ( 21568) load[0m
[0;32mI (171) esp_image: segment 5: paddr=00076ab8 vaddr=50000000 size=00020h (    32) load[0m
[0;32mI (178) boot: Loaded app from partition at offset 0x10000[0m
[0;32mI (178) boot: Disabling RNG early entropy source...[0m
[0;32mI (191) cpu_start: Multicore app[0m
[0;32mI (199) cpu_start: GPIO 44 and 43 are used as console UART I/O pins[0m
[0;32mI (200) cpu_start: Pro cpu start user code[0m
[0;32mI (200) cpu_start: cpu freq: 160000000 Hz[0m
[0;32mI (202) app_init: Application information:[0m
[0;32mI (205) app_init: Project name:     esp32-s3-mp3-player[0m
[0;32mI (210) app_init: App version:      1[0m
[0;32mI (214) app_init: Compile time:     Mar 15 2026 20:52:28[0m
[0;32mI (219) app_init: ELF file SHA256:  339597ba4...[0m
[0;32mI (223) app_init: ESP-IDF:          v5.5.3-dirty[0m
[0;32mI (227) efuse_init: Min chip rev:     v0.0[0m
[0;32mI (231) efuse_init: Max chip rev:     v0.99 [0m
[0;32mI (235) efuse_init: Chip rev:         v0.2[0m
[0;32mI (239) heap_init: Initializing. RAM available for dynamic allocation:[0m
[0;32mI (245) heap_init: At 3FCA1318 len 000483F8 (288 KiB): RAM[0m
[0;32mI (251) heap_init: At 3FCE9710 len 00005724 (21 KiB): RAM[0m
[0;32mI (256) heap_init: At 3FCF0000 len 00008000 (32 KiB): DRAM[0m
[0;32mI (261) heap_init: At 600FE000 len 00001FE8 (7 KiB): RTCRAM[0m
[0;32mI (267) spi_flash: detected chip: boya[0m
[0;32mI (270) spi_flash: flash io: dio[0m
[0;33mW (273) spi_flash: Detected size(16384k) larger than the size in the binary image header(2048k). Using the size in the binary image header.[0m
[0;32mI (285) sleep_gpio: Configure to isolate all GPIO pins in sleep state[0m
[0;32mI (291) sleep_gpio: Enable automatic switching of GPIO sleep configuration[0m
[0;32mI (298) main_task: Started on CPU0[0m
[0;32mI (318) main_task: Calling app_main()[0m
[0;32mI (318) MP3_UI: Initializing display[0m
[0;32mI (438) MP3_UI: Creating UI[0m
Guru Meditation Error: Core  0 panic'ed (LoadProhibited). Exception was unhandled.

Core  0 register dump:
PC      : 0x4203c433  PS      : 0x00060031  A0      : 0x82009e94  A1      : 0x3fc96410  
A2      : 0x00000000  A3      : 0x600c2054  A4      : 0x00000006  A5      : 0x00060023  
A6      : 0x00000000  A7      : 0x0000cdcd  A8      : 0x8037c071  A9      : 0x3fc96400  
A10     : 0x00060023  A11     : 0x00000001  A12     : 0x00060021  A13     : 0x3fca38c0  
A14     : 0x3c05abe4  A15     : 0x3fca3930  SAR     : 0x00000015  EXCCAUSE: 0x0000001c  
EXCVADDR: 0x0000000c  LBEG    : 0x400570e8  LEND    : 0x400570f3  LCOUNT  : 0x00000000  


Backtrace: 0x4203c430:0x3fc96410 0x42009e91:0x3fc96430 0x4200ab81:0x3fc96450 0x40378193:0x3fc96470 0x4037846f:0x3fc96490 0x40377015:0x3fc964c0 0x42011a19:0x3fca3a00 0x42012021:0x3fca3a20 0x42012177:0x3fca3a90 0x42012284:0x3fca3ac0 0x4201242a:0x3fca3ae0 0x42016ed5:0x3fca3b10 0x42016f7f:0x3fca3b30 0x4200a2a2:0x3fca3b50 0x42040834:0x3fca3c00 0x4037bd0d:0x3fca3c30




ELF file SHA256: 339597ba4

Rebooting...
ESP-ROM:esp32s3-20210327
Build:Mar 27 2021
rst:0xc (RTC_SW_CPU_RST),boot:0x8 (SPI_FAST_FLASH_BOOT)
Saved PC:0x4037b1e0
SPIWP:0xee
mode:DIO, clock div:1
load:0x3fce2820,len:0x14f0
load:0x403c8700,len:0xd24
load:0x403cb700,len:0x2ef0
entry 0x403c8924
[0;32mI (29) boot: ESP-IDF v5.5.3-dirty 2nd stage bootloader[0m
[0;32mI (29) boot: compile time Mar 15 2026 14:33:44[0m
[0;32mI (29) boot: Multicore bootloader[0m
[0;32mI (30) boot: chip revision: v0.2[0m
[0;32mI (33) boot: efuse block revision: v1.4[0m
[0;32mI (36) boot.esp32s3: Boot SPI Speed : 80MHz[0m
[0;32mI (40) boot.esp32s3: SPI Mode       : DIO[0m
[0;32mI (44) boot.esp32s3: SPI Flash Size : 2MB[0m
[0;32mI (48) boot: Enabling RNG early entropy source...[0m
[0;32mI (52) boot: Partition Table:[0m
[0;32mI (55) boot: ## Label            Usage          Type ST Offset   Length[0m
[0;32mI (61) boot:  0 nvs              WiFi data        01 02 00009000 00006000[0m
[0;32mI (67) boot:  1 phy_init         RF data          01 01 0000f000 00001000[0m
[0;32mI (74) boot:  2 factory          factory app      00 00 00010000 00100000[0m
[0;32mI (81) boot: End of partition table[0m
[0;32mI (84) esp_image: segment 0: paddr=00010020 vaddr=3c050020 size=10f4ch ( 69452) map[0m
[0;32mI (103) esp_image: segment 1: paddr=00020f74 vaddr=3fc95200 size=0332ch ( 13100) load[0m
[0;32mI (107) esp_image: segment 2: paddr=000242a8 vaddr=40374000 size=0bd70h ( 48496) load[0m
[0;32mI (118) esp_image: segment 3: paddr=00030020 vaddr=42000020 size=41648h (267848) map[0m
[0;32mI (165) esp_image: segment 4: paddr=00071670 vaddr=4037fd70 size=05440h ( 21568) load[0m
[0;32mI (171) esp_image: segment 5: paddr=00076ab8 vaddr=50000000 size=00020h (    32) load[0m
[0;32mI (178) boot: Loaded app from partition at offset 0x10000[0m
[0;32mI (178) boot: Disabling RNG early entropy source...[0m
[0;32mI (191) cpu_start: Multicore app[0m
[0;32mI (199) cpu_start: GPIO 44 and 43 are used as console UART I/O pins[0m
[0;32mI (200) cpu_start: Pro cpu start user code[0m
[0;32mI (200) cpu_start: cpu freq: 160000000 Hz[0m
[0;32mI (202) app_init: Application information:[0m
[0;32mI (205) app_init: Project name:     esp32-s3-mp3-player[0m
[0;32mI (210) app_init: App version:      1[0m
[0;32mI (214) app_init: Compile time:     Mar 15 2026 20:52:28[0m
[0;32mI (219) app_init: ELF file SHA256:  339597ba4...[0m
[0;32mI (223) app_init: ESP-IDF:          v5.5.3-dirty[0m
[0;32mI (227) efuse_init: Min chip rev:     v0.0[0m
[0;32mI (231) efuse_init: Max chip rev:     v0.99 [0m
[0;32mI (235) efuse_init: Chip rev:         v0.2[0m
[0;32mI (239) heap_init: Initializing. RAM available for dynamic allocation:[0m
[0;32mI (245) heap_init: At 3FCA1318 len 000483F8 (288 KiB): RAM[0m
[0;32mI (251) heap_init: At 3FCE9710 len 00005724 (21 KiB): RAM[0m
[0;32mI (256) heap_init: At 3FCF0000 len 00008000 (32 KiB): DRAM[0m
[0;32mI (261) heap_init: At 600FE000 len 00001FE8 (7 KiB): RTCRAM[0m
[0;32mI (267) spi_flash: detected chip: boya[0m
[0;32mI (270) spi_flash: flash io: dio[0m
[0;33mW (273) spi_flash: Detected size(16384k) larger than the size in the binary image header(2048k). Using the size in the binary image header.[0m
[0;32mI (285) sleep_gpio: Configure to isolate all GPIO pins in sleep state[0m
[0;32mI (291) sleep_gpio: Enable automatic switching of GPIO sleep configuration[0m
[0;32mI (298) main_task: Started on CPU0[0m
[0;32mI (318) main_task: Calling app_main()[0m
[0;32mI (318) MP3_UI: Initializing display[0m
[0;32mI (438) MP3_UI: Creating UI[0m
Guru Meditation Error: Core  0 panic'ed (LoadProhibited). Exception was unhandled.

Core  0 register dump:
PC      : 0x4203c433  PS      : 0x00060031  A0      : 0x82009e94  A1      : 0x3fc96410  
A2      : 0x00000000  A3      : 0x600c2054  A4      : 0x00000006  A5      : 0x00060023  
A6      : 0x00000000  A7      : 0x0000cdcd  A8      : 0x8037c071  A9      : 0x3fc96400  
A10     : 0x00060023  A11     : 0x00000001  A12     : 0x00060021  A13     : 0x3fca38c0  
A14     : 0x3c05abe4  A15     : 0x3fca3930  SAR     : 0x00000015  EXCCAUSE: 0x0000001c  
EXCVADDR: 0x0000000c  LBEG    : 0x400570e8  LEND    : 0x400570f3  LCOUNT  : 0x00000000  


Backtrace: 0x4203c430:0x3fc96410 0x42009e91:0x3fc96430 0x4200ab81:0x3fc96450 0x40378193:0x3fc96470 0x4037846f:0x3fc96490 0x40377015:0x3fc964c0 0x42011a19:0x3fca3a00 0x42012021:0x3fca3a20 0x42012177:0x3fca3a90 0x42012284:0x3fca3ac0 0x4201242a:0x3fca3ae0 0x42016ed5:0x3fca3b10 0x42016f7f:0x3fca3b30 0x4200a2a2:0x3fca3b50 0x42040834:0x3fca3c00 0x4037bd0d:0x3fca3c30




ELF file SHA256: 339597ba4

Rebooting...
ESP-ROM:esp32s3-20210327
Build:Mar 27 2021
rst:0xc (RTC_SW_CPU_RST),boot:0x8 (SPI_FAST_FLASH_BOOT)
Saved PC:0x4037b1e0
SPIWP:0xee
mode:DIO, clock div:1
load:0x3fce2820,len:0x14f0
load:0x403c8700,len:0xd24
load:0x403cb700,len:0x2ef0
entry 0x403c8924
[0;32mI (29) boot: ESP-IDF v5.5.3-dirty 2nd stage bootloader[0m
[0;32mI (29) boot: compile time Mar 15 2026 14:33:44[0m
[0;32mI (29) boot: Multicore bootloader[0m
[0;32mI (30) boot: chip revision: v0.2[0m
[0;32mI (33) boot: efuse block revision: v1.4[0m
[0;32mI (36) boot.esp32s3: Boot SPI Speed : 80MHz[0m
[0;32mI (40) boot.esp32s3: SPI Mode       : DIO[0m
[0;32mI (44) boot.esp32s3: SPI Flash Size : 2MB[0m
[0;32mI (48) boot: Enabling RNG early entropy source...[0m
[0;32mI (52) boot: Partition Table:[0m
[0;32mI (55) boot: ## Label            Usage          Type ST Offset   Length[0m
[0;32mI (61) boot:  0 nvs              WiFi data        01 02 00009000 00006000[0m
[0;32mI (67) boot:  1 phy_init         RF data          01 01 0000f000 00001000[0m
[0;32mI (74) boot:  2 factory          factory app      00 00 00010000 00100000[0m
[0;32mI (81) boot: End of partition table[0m
[0;32mI (84) esp_image: segment 0: paddr=00010020 vaddr=3c050020 size=10f4ch ( 69452) map[0m
[0;32mI (103) esp_image: segment 1: paddr=00020f74 vaddr=3fc95200 size=0332ch ( 13100) load[0m
[0;32mI (107) esp_image: segment 2: paddr=000242a8 vaddr=40374000 size=0bd70h ( 48496) load[0m
[0;32mI (118) esp_image: segment 3: paddr=00030020 vaddr=42000020 size=41648h (267848) map[0m
[0;32mI (165) esp_image: segment 4: paddr=00071670 vaddr=4037fd70 size=05440h ( 21568) load[0m
[0;32mI (171) esp_image: segment 5: paddr=00076ab8 vaddr=50000000 size=00020h (    32) load[0m
[0;32mI (178) boot: Loaded app from partition at offset 0x10000[0m
[0;32mI (178) boot: Disabling RNG early entropy source...[0m
[0;32mI (191) cpu_start: Multicore app[0m
[0;32mI (199) cpu_start: GPIO 44 and 43 are used as console UART I/O pins[0m
[0;32mI (200) cpu_start: Pro cpu start user code[0m
[0;32mI (200) cpu_start: cpu freq: 160000000 Hz[0m
[0;32mI (202) app_init: Application information:[0m
[0;32mI (205) app_init: Project name:     esp32-s3-mp3-player[0m
[0;32mI (210) app_init: App version:      1[0m
[0;32mI (214) app_init: Compile time:     Mar 15 2026 20:52:28[0m
[0;32mI (219) app_init: ELF file SHA256:  339597ba4...[0m
[0;32mI (223) app_init: ESP-IDF:          v5.5.3-dirty[0m
[0;32mI (227) efuse_init: Min chip rev:     v0.0[0m
[0;32mI (231) efuse_init: Max chip rev:     v0.99 [0m
[0;32mI (235) efuse_init: Chip rev:         v0.2[0m
[0;32mI (239) heap_init: Initializing. RAM available for dynamic allocation:[0m
[0;32mI (245) heap_init: At 3FCA1318 len 000483F8 (288 KiB): RAM[0m
[0;32mI (251) heap_init: At 3FCE9710 len 00005724 (21 KiB): RAM[0m
[0;32mI (256) heap_init: At 3FCF0000 len 00008000 (32 KiB): DRAM[0m
[0;32mI (261) heap_init: At 600FE000 len 00001FE8 (7 KiB): RTCRAM[0m
[0;32mI (267) spi_flash: detected chip: boya[0m
[0;32mI (270) spi_flash: flash io: dio[0m
[0;33mW (273) spi_flash: Detected size(16384k) larger than the size in the binary image header(2048k). Using the size in the binary image header.[0m
[0;32mI (285) sleep_gpio: Configure to isolate all GPIO pins in sleep state[0m
[0;32mI (291) sleep_gpio: Enable automatic switching of GPIO sleep configuration[0m
[0;32mI (298) main_task: Started on CPU0[0m
[0;32mI (318) main_task: Calling app_main()[0m
[0;32mI (318) MP3_UI: Initializing display[0m
[0;32mI (438) MP3_UI: Creating UI[0m
Guru Meditation Error: Core  0 panic'ed (LoadProhibited). Exception was unhandled.

Core  0 register dump:
PC      : 0x4203c433  PS      : 0x00060031  A0      : 0x82009e94  A1      : 0x3fc96410  
A2      : 0x00000000  A3      : 0x600c2054  A4      : 0x00000006  A5      : 0x00060023  
A6      : 0x00000000  A7      : 0x0000cdcd  A8      : 0x8037c071  A9      : 0x3fc96400  
A10     : 0x00060023  A11     : 0x00000001  A12     : 0x00060021  A13     : 0x3fca38c0  
A14     : 0x3c05abe4  A15     : 0x3fca3930  SAR     : 0x00000015  EXCCAUSE: 0x0000001c  
EXCVADDR: 0x0000000c  LBEG    : 0x400570e8  LEND    : 0x400570f3  LCOUNT  : 0x00000000  


Backtrace: 0x4203c430:0x3fc96410 0x42009e91:0x3fc96430 0x4200ab81:0x3fc96450 0x40378193:0x3fc96470 0x4037846f:0x3fc96490 0x40377015:0x3fc964c0 0x42011a19:0x3fca3a00 0x42012021:0x3fca3a20 0x42012177:0x3fca3a90 0x42012284:0x3fca3ac0 0x4201242a:0x3fca3ae0 0x42016ed5:0x3fca3b10 0x42016f7f:0x3fca3b30 0x4200a2a2:0x3fca3b50 0x42040834:0x3fca3c00 0x4037bd0d:0x3fca3c30




ELF file SHA256: 339597ba4

Rebooting...
ESP-ROM:esp32s3-20210327
Build:Mar 27 2021
rst:0xc (RTC_SW_CPU_RST),boot:0x8 (SPI_FAST_FLASH_BOOT)
Saved PC:0x4037b1e0
SPIWP:0xee
mode:DIO, clock div:1
load:0x3fce2820,len:0x14f0
load:0x403c8700,len:0xd24
load:0x403cb700,len:0x2ef0
entry 0x403c8924
[0;32mI (29) boot: ESP-IDF v5.5.3-dirty 2nd stage bootloader[0m
[0;32mI (29) boot: compile time Mar 15 2026 14:33:44[0m
[0;32mI (29) boot: Multicore bootloader[0m
[0;32mI (30) boot: chip revision: v0.2[0m
[0;32mI (33) boot: efuse block revision: v1.4[0m
[0;32mI (36) boot.esp32s3: Boot SPI Speed : 80MHz[0m
[0;32mI (40) boot.esp32s3: SPI Mode       : DIO[0m
[0;32mI (44) boot.esp32s3: SPI Flash Size : 2MB[0m
[0;32mI (48) boot: Enabling RNG early entropy source...[0m
[0;32mI (52) boot: Partition Table:[0m
[0;32mI (55) boot: ## Label            Usage          Type ST Offset   Length[0m
[0;32mI (61) boot:  0 nvs              WiFi data        01 02 00009000 00006000[0m
[0;32mI (67) boot:  1 phy_init         RF data          01 01 0000f000 00001000[0m
[0;32mI (74) boot:  2 factory          factory app      00 00 00010000 00100000[0m
[0;32mI (81) boot: End of partition table[0m
[0;32mI (84) esp_image: segment 0: paddr=00010020 vaddr=3c050020 size=10f4ch ( 69452) map[0m
[0;32mI (103) esp_image: segment 1: paddr=00020f74 vaddr=3fc95200 size=0332ch ( 13100) load[0m
[0;32mI (107) esp_image: segment 2: paddr=000242a8 vaddr=40374000 size=0bd70h ( 48496) load[0m
[0;32mI (118) esp_image: segment 3: paddr=00030020 vaddr=42000020 size=41648h (267848) map[0m
[0;32mI (165) esp_image: segment 4: paddr=00071670 vaddr=4037fd70 size=05440h ( 21568) load[0m
[0;32mI (171) esp_image: segment 5: paddr=00076ab8 vaddr=50000000 size=00020h (    32) load[0m
[0;32mI (178) boot: Loaded app from partition at offset 0x10000[0m
[0;32mI (178) boot: Disabling RNG early entropy source...[0m
[0;32mI (191) cpu_start: Multicore app[0m
[0;32mI (199) cpu_start: GPIO 44 and 43 are used as console UART I/O pins[0m
[0;32mI (200) cpu_start: Pro cpu start user code[0m
[0;32mI (200) cpu_start: cpu freq: 160000000 Hz[0m
[0;32mI (202) app_init: Application information:[0m
[0;32mI (205) app_init: Project name:     esp32-s3-mp3-player[0m
[0;32mI (210) app_init: App version:      1[0m
[0;32mI (214) app_init: Compile time:     Mar 15 2026 20:52:28[0m
[0;32mI (219) app_init: ELF file SHA256:  339597ba4...[0m
[0;32mI (223) app_init: ESP-IDF:          v5.5.3-dirty[0m
[0;32mI (227) efuse_init: Min chip rev:     v0.0[0m
[0;32mI (231) efuse_init: Max chip rev:     v0.99 [0m
[0;32mI (235) efuse_init: Chip rev:         v0.2[0m
[0;32mI (239) heap_init: Initializing. RAM available for dynamic allocation:[0m
[0;32mI (245) heap_init: At 3FCA1318 len 000483F8 (288 KiB): RAM[0m
[0;32mI (251) heap_init: At 3FCE9710 len 00005724 (21 KiB): RAM[0m
[0;32mI (256) heap_init: At 3FCF0000 len 00008000 (32 KiB): DRAM[0m
[0;32mI (261) heap_init: At 600FE000 len 00001FE8 (7 KiB): RTCRAM[0m
[0;32mI (267) spi_flash: detected chip: boya[0m
[0;32mI (270) spi_flash: flash io: dio[0m
[0;33mW (273) spi_flash: Detected size(16384k) larger than the size in the binary image header(2048k). Using the size in the binary image header.[0m
[0;32mI (285) sleep_gpio: Configure to isolate all GPIO pins in sleep state[0m
[0;32mI (291) sleep_gpio: Enable automatic switching of GPIO sleep configuration[0m
[0;32mI (298) main_task: Started on CPU0[0m
[0;32mI (318) main_task: Calling app_main()[0m
[0;32mI (318) MP3_UI: Initializing display[0m
[0;32mI (438) MP3_UI: Creating UI[0m
Guru Meditation Error: Core  0 panic'ed (LoadProhibited). Exception was unhandled.

Core  0 register dump:
PC      : 0x4203c433  PS      : 0x00060031  A0      : 0x82009e94  A1      : 0x3fc96410  
A2      : 0x00000000  A3      : 0x600c2054  A4      : 0x00000006  A5      : 0x00060023  
A6      : 0x00000000  A7      : 0x0000cdcd  A8      : 0x8037c071  A9      : 0x3fc96400  
A10     : 0x00060023  A11     : 0x00000001  A12     : 0x00060021  A13     : 0x3fca38c0  
A14     : 0x3c05abe4  A15     : 0x3fca3930  SAR     : 0x00000015  EXCCAUSE: 0x0000001c  
EXCVADDR: 0x0000000c  LBEG    : 0x400570e8  LEND    : 0x400570f3  LCOUNT  : 0x00000000  


Backtrace: 0x4203c430:0x3fc96410 0x42009e91:0x3fc96430 0x4200ab81:0x3fc96450 0x40378193:0x3fc96470 0x4037846f:0x3fc96490 0x40377015:0x3fc964c0 0x42011a19:0x3fca3a00 0x42012021:0x3fca3a20 0x42012177:0x3fca3a90 0x42012284:0x3fca3ac0 0x4201242a:0x3fca3ae0 0x42016ed5:0x3fca3b10 0x42016f7f:0x3fca3b30 0x4200a2a2:0x3fca3b50 0x42040834:0x3fca3c00 0x4037bd0d:0x3fca3c30




ELF file SHA256: 339597ba4

Rebooting...
ESP-ROM:esp32s3-20210327
Build:Mar 27 2021
rst:0xc (RTC_SW_CPU_RST),boot:0x8 (SPI_FAST_FLASH_BOOT)
Saved PC:0x4037b1e0
SPIWP:0xee
mode:DIO, clock div:1
load:0x3fce2820,len:0x14f0
load:0x403c8700,len:0xd24
load:0x403cb700,len:0x2ef0
entry 0x403c8924
[0;32mI (29) boot: ESP-IDF v5.5.3-dirty 2nd stage bootloader[0m
[0;32mI (29) boot: compile time Mar 15 2026 14:33:44[0m
[0;32mI (29) boot: Multicore bootloader[0m
[0;32mI (30) boot: chip revision: v0.2[0m
[0;32mI (33) boot: efuse block revision: v1.4[0m
[0;32mI (36) boot.esp32s3: Boot SPI Speed : 80MHz[0m
[0;32mI (40) boot.esp32s3: SPI Mode       : DIO[0m
[0;32mI (44) boot.esp32s3: SPI Flash Size : 2MB[0m
[0;32mI (48) boot: Enabling RNG early entropy source...[0m
[0;32mI (52) boot: Partition Table:[0m
[0;32mI (55) boot: ## Label            Usage          Type ST Offset   Length[0m
[0;32mI (61) boot:  0 nvs              WiFi data        01 02 00009000 00006000[0m
[0;32mI (67) boot:  1 phy_init         RF data          01 01 0000f000 00001000[0m
[0;32mI (74) boot:  2 factory          factory app      00 00 00010000 00100000[0m
[0;32mI (81) boot: End of partition table[0m
[0;32mI (84) esp_image: segment 0: paddr=00010020 vaddr=3c050020 size=10f4ch ( 69452) map[0m
[0;32mI (103) esp_image: segment 1: paddr=00020f74 vaddr=3fc95200 size=0332ch ( 13100) load[0m
[0;32mI (107) esp_image: segment 2: paddr=000242a8 vaddr=40374000 size=0bd70h ( 48496) load[0m
[0;32mI (118) esp_image: segment 3: paddr=00030020 vaddr=42000020 size=41648h (267848) map[0m
[0;32mI (165) esp_image: segment 4: paddr=00071670 vaddr=4037fd70 size=05440h ( 21568) load[0m
[0;32mI (171) esp_image: segment 5: paddr=00076ab8 vaddr=50000000 size=00020h (    32) load[0m
[0;32mI (178) boot: Loaded app from partition at offset 0x10000[0m
[0;32mI (178) boot: Disabling RNG early entropy source...[0m
[0;32mI (191) cpu_start: Multicore app[0m
[0;32mI (199) cpu_start: GPIO 44 and 43 are used as console UART I/O pins[0m
[0;32mI (200) cpu_start: Pro cpu start user code[0m
[0;32mI (200) cpu_start: cpu freq: 160000000 Hz[0m
[0;32mI (202) app_init: Application information:[0m
[0;32mI (205) app_init: Project name:     esp32-s3-mp3-player[0m
[0;32mI (210) app_init: App version:      1[0m
[0;32mI (214) app_init: Compile time:     Mar 15 2026 20:52:28[0m
[0;32mI (219) app_init: ELF file SHA256:  339597ba4...[0m
[0;32mI (223) app_init: ESP-IDF:          v5.5.3-dirty[0m
[0;32mI (227) efuse_init: Min chip rev:     v0.0[0m
[0;32mI (231) efuse_init: Max chip rev:     v0.99 [0m
[0;32mI (235) efuse_init: Chip rev:         v0.2[0m
[0;32mI (239) heap_init: Initializing. RAM available for dynamic allocation:[0m
[0;32mI (245) heap_init: At 3FCA1318 len 000483F8 (288 KiB): RAM[0m
[0;32mI (251) heap_init: At 3FCE9710 len 00005724 (21 KiB): RAM[0m
[0;32mI (256) heap_init: At 3FCF0000 len 00008000 (32 KiB): DRAM[0m
[0;32mI (261) heap_init: At 600FE000 len 00001FE8 (7 KiB): RTCRAM[0m
[0;32mI (267) spi_flash: detected chip: boya[0m
[0;32mI (270) spi_flash: flash io: dio[0m
[0;33mW (273) spi_flash: Detected size(16384k) larger than the size in the binary image header(2048k). Using the size in the binary image header.[0m
[0;32mI (285) sleep_gpio: Configure to isolate all GPIO pins in sleep state[0m
[0;32mI (291) sleep_gpio: Enable automatic switching of GPIO sleep configuration[0m
[0;32mI (298) main_task: Started on CPU0[0m
[0;32mI (318) main_task: Calling app_main()[0m
[0;32mI (318) MP3_UI: Initializing display[0m
[0;32mI (438) MP3_UI: Creating UI[0m
Guru Meditation Error: Core  0 panic'ed (LoadProhibited). Exception was unhandled.

Core  0 register dump:
PC      : 0x4203c433  PS      : 0x00060031  A0      : 0x82009e94  A1      : 0x3fc96410  
A2      : 0x00000000  A3      : 0x600c2054  A4      : 0x00000006  A5      : 0x00060023  
A6      : 0x00000000  A7      : 0x0000cdcd  A8      : 0x8037c071  A9      : 0x3fc96400  
A10     : 0x00060023  A11     : 0x00000001  A12     : 0x00060021  A13     : 0x3fca38c0  
A14     : 0x3c05abe4  A15     : 0x3fca3930  SAR     : 0x00000015  EXCCAUSE: 0x0000001c  
EXCVADDR: 0x0000000c  LBEG    : 0x400570e8  LEND    : 0x400570f3  LCOUNT  : 0x00000000  


Backtrace: 0x4203c430:0x3fc96410 0x42009e91:0x3fc96430 0x4200ab81:0x3fc96450 0x40378193:0x3fc96470 0x4037846f:0x3fc96490 0x40377015:0x3fc964c0 0x42011a19:0x3fca3a00 0x42012021:0x3fca3a20 0x42012177:0x3fca3a90 0x42012284:0x3fca3ac0 0x4201242a:0x3fca3ae0 0x42016ed5:0x3fca3b10 0x42016f7f:0x3fca3b30 0x4200a2a2:0x3fca3b50 0x42040834:0x3fca3c00 0x4037bd0d:0x3fca3c30




ELF file SHA256: 339597ba4

Rebooting...
ESP-ROM:esp32s3-20210327
Build:Mar 27 2021
rst:0xc (RTC_SW_CPU_RST),boot:0x8 (SPI_FAST_FLASH_BOOT)
Saved PC:0x4037b1e0
SPIWP:0xee
mode:DIO, clock div:1
load:0x3fce2820,len:0x14f0
load:0x403c8700,len:0xd24
load:0x403cb700,len:0x2ef0
entry 0x403c8924
[0;32mI (29) boot: ESP-IDF v5.5.3-dirty 2nd stage bootloader[0m
[0;32mI (29) boot: compile time Mar 15 2026 14:33:44[0m
[0;32mI (29) boot: Multicore bootloader[0m
[0;32mI (30) boot: chip revision: v0.2[0m
[0;32mI (33) boot: efuse block revision: v1.4[0m
[0;32mI (36) boot.esp32s3: Boot SPI Speed : 80MHz[0m
[0;32mI (40) boot.esp32s3: SPI Mode       : DIO[0m
[0;32mI (44) boot.esp32s3: SPI Flash Size : 2MB[0m
[0;32mI (48) boot: Enabling RNG early entropy source...[0m
[0;32mI (52) boot: Partition Table:[0m
[0;32mI (55) boot: ## Label            Usage          Type ST Offset   Length[0m
[0;32mI (61) boot:  0 nvs              WiFi data        01 02 00009000 00006000[0m
[0;32mI (67) boot:  1 phy_init         RF data          01 01 0000f000 00001000[0m
[0;32mI (74) boot:  2 factory          factory app      00 00 00010000 00100000[0m
[0;32mI (81) boot: End of partition table[0m
[0;32mI (84) esp_image: segment 0: paddr=00010020 vaddr=3c050020 size=10f4ch ( 69452) map[0m
[0;32mI (103) esp_image: segment 1: paddr=00020f74 vaddr=3fc95200 size=0332ch ( 13100) load[0m
[0;32mI (107) esp_image: segment 2: paddr=000242a8 vaddr=40374000 size=0bd70h ( 48496) load[0m
[0;32mI (118) esp_image: segment 3: paddr=00030020 vaddr=42000020 size=41648h (267848) map[0m
[0;32mI (165) esp_image: segment 4: paddr=00071670 vaddr=4037fd70 size=05440h ( 21568) load[0m
[0;32mI (171) esp_image: segment 5: paddr=00076ab8 vaddr=50000000 size=00020h (    32) load[0m
[0;32mI (178) boot: Loaded app from partition at offset 0x10000[0m
[0;32mI (178) boot: Disabling RNG early entropy source...[0m
[0;32mI (191) cpu_start: Multicore app[0m
[0;32mI (199) cpu_start: GPIO 44 and 43 are used as console UART I/O pins[0m
[0;32mI (200) cpu_start: Pro cpu start user code[0m
[0;32mI (200) cpu_start: cpu freq: 160000000 Hz[0m
[0;32mI (202) app_init: Application information:[0m
[0;32mI (205) app_init: Project name:     esp32-s3-mp3-player[0m
[0;32mI (210) app_init: App version:      1[0m
[0;32mI (214) app_init: Compile time:     Mar 15 2026 20:52:28[0m
[0;32mI (219) app_init: ELF file SHA256:  339597ba4...[0m
[0;32mI (223) app_init: ESP-IDF:          v5.5.3-dirty[0m
[0;32mI (227) efuse_init: Min chip rev:     v0.0[0m
[0;32mI (231) efuse_init: Max chip rev:     v0.99 [0m
[0;32mI (235) efuse_init: Chip rev:         v0.2[0m
[0;32mI (239) heap_init: Initializing. RAM available for dynamic allocation:[0m
[0;32mI (245) heap_init: At 3FCA1318 len 000483F8 (288 KiB): RAM[0m
[0;32mI (251) heap_init: At 3FCE9710 len 00005724 (21 KiB): RAM[0m
[0;32mI (256) heap_init: At 3FCF0000 len 00008000 (32 KiB): DRAM[0m
[0;32mI (261) heap_init: At 600FE000 len 00001FE8 (7 KiB): RTCRAM[0m
[0;32mI (267) spi_flash: detected chip: boya[0m
[0;32mI (270) spi_flash: flash io: dio[0m
[0;33mW (273) spi_flash: Detected size(16384k) larger than the size in the binary image header(2048k). Using the size in the binary image header.[0m
[0;32mI (285) sleep_gpio: Configure to isolate all GPIO pins in sleep state[0m
[0;32mI (291) sleep_gpio: Enable automatic switching of GPIO sleep configuration[0m
[0;32mI (298) main_task: Started on CPU0[0m
[0;32mI (318) main_task: Calling app_main()[0m
[0;32mI (318) MP3_UI: Initializing display[0m
[0;32mI (438) MP3_UI: Creating UI[0m
Guru Meditation Error: Core  0 panic'ed (LoadProhibited). Exception was unhandled.

Core  0 register dump:
PC      : 0x4203c433  PS      : 0x00060031  A0      : 0x82009e94  A1      : 0x3fc96410  
A2      : 0x00000000  A3      : 0x600c2054  A4      : 0x00000006  A5      : 0x00060023  
A6      : 0x00000000  A7      : 0x0000cdcd  A8      : 0x8037c071  A9      : 0x3fc96400  
A10     : 0x00060023  A11     : 0x00000001  A12     : 0x00060021  A13     : 0x3fca38c0  
A14     : 0x3c05abe4  A15     : 0x3fca3930  SAR     : 0x00000015  EXCCAUSE: 0x0000001c  
EXCVADDR: 0x0000000c  LBEG    : 0x400570e8  LEND    : 0x400570f3  LCOUNT  : 0x00000000  


Backtrace: 0x4203c430:0x3fc96410 0x42009e91:0x3fc96430 0x4200ab81:0x3fc96450 0x40378193:0x3fc96470 0x4037846f:0x3fc96490 0x40377015:0x3fc964c0 0x42011a19:0x3fca3a00 0x42012021:0x3fca3a20 0x42012177:0x3fca3a90 0x42012284:0x3fca3ac0 0x4201242a:0x3fca3ae0 0x42016ed5:0x3fca3b10 0x42016f7f:0x3fca3b30 0x4200a2a2:0x3fca3b50 0x42040834:0x3fca3c00 0x4037bd0d:0x3fca3c30




ELF file SHA256: 339597ba4

Rebooting...
ESP-ROM:esp32s3-20210327
Build:Mar 27 2021
rst:0xc (RTC_SW_CPU_RST),boot:0x8 (SPI_FAST_FLASH_BOOT)
Saved PC:0x4037b1e0
SPIWP:0xee
mode:DIO, clock div:1
load:0x3fce2820,len:0x14f0
load:0x403c8700,len:0xd24
load:0x403cb700,len:0x2ef0
entry 0x403c8924
[0;32mI (29) boot: ESP-IDF v5.5.3-dirty 2nd stage bootloader[0m
[0;32mI (29) boot: compile time Mar 15 2026 14:33:44[0m
[0;32mI (29) boot: Multicore bootloader[0m
[0;32mI (30) boot: chip revision: v0.2[0m
[0;32mI (33) boot: efuse block revision: v1.4[0m
[0;32mI (36) boot.esp32s3: Boot SPI Speed : 80MHz[0m
[0;32mI (40) boot.esp32s3: SPI Mode       : DIO[0m
[0;32mI (44) boot.esp32s3: SPI Flash Size : 2MB[0m
[0;32mI (48) boot: Enabling RNG early entropy source...[0m
[0;32mI (52) boot: Partition Table:[0m
[0;32mI (55) boot: ## Label            Usage          Type ST Offset   Length[0m
[0;32mI (61) boot:  0 nvs              WiFi data        01 02 00009000 00006000[0m
[0;32mI (67) boot:  1 phy_init         RF data          01 01 0000f000 00001000[0m
[0;32mI (74) boot:  2 factory          factory app      00 00 00010000 00100000[0m
[0;32mI (81) boot: End of partition table[0m
[0;32mI (84) esp_image: segment 0: paddr=00010020 vaddr=3c050020 size=10f4ch ( 69452) map[0m
[0;32mI (103) esp_image: segment 1: paddr=00020f74 vaddr=3fc95200 size=0332ch ( 13100) load[0m
[0;32mI (107) esp_image: segment 2: paddr=000242a8 vaddr=40374000 size=0bd70h ( 48496) load[0m
[0;32mI (118) esp_image: segment 3: paddr=00030020 vaddr=42000020 size=41648h (267848) map[0m
[0;32mI (165) esp_image: segment 4: paddr=00071670 vaddr=4037fd70 size=05440h ( 21568) load[0m
[0;32mI (171) esp_image: segment 5: paddr=00076ab8 vaddr=50000000 size=00020h (    32) load[0m
[0;32mI (178) boot: Loaded app from partition at offset 0x10000[0m
[0;32mI (178) boot: Disabling RNG early entropy source...[0m
[0;32mI (191) cpu_start: Multicore app[0m
[0;32mI (199) cpu_start: GPIO 44 and 43 are used as console UART I/O pins[0m
[0;32mI (200) cpu_start: Pro cpu start user code[0m
[0;32mI (200) cpu_start: cpu freq: 160000000 Hz[0m
[0;32mI (202) app_init: Application information:[0m
[0;32mI (205) app_init: Project name:     esp32-s3-mp3-player[0m
[0;32mI (210) app_init: App version:      1[0m
[0;32mI (214) app_init: Compile time:     Mar 15 2026 20:52:28[0m
[0;32mI (219) app_init: ELF file SHA256:  339597ba4...[0m
[0;32mI (223) app_init: ESP-IDF:          v5.5.3-dirty[0m
[0;32mI (227) efuse_init: Min chip rev:     v0.0[0m
[0;32mI (231) efuse_init: Max chip rev:     v0.99 [0m
[0;32mI (235) efuse_init: Chip rev:         v0.2[0m
[0;32mI (239) heap_init: Initializing. RAM available for dynamic allocation:[0m
[0;32mI (245) heap_init: At 3FCA1318 len 000483F8 (288 KiB): RAM[0m
[0;32mI (251) heap_init: At 3FCE9710 len 00005724 (21 KiB): RAM[0m
[0;32mI (256) heap_init: At 3FCF0000 len 00008000 (32 KiB): DRAM[0m
[0;32mI (261) heap_init: At 600FE000 len 00001FE8 (7 KiB): RTCRAM[0m
[0;32mI (267) spi_flash: detected chip: boya[0m
[0;32mI (270) spi_flash: flash io: dio[0m
[0;33mW (273) spi_flash: Detected size(16384k) larger than the size in the binary image header(2048k). Using the size in the binary image header.[0m
[0;32mI (285) sleep_gpio: Configure to isolate all GPIO pins in sleep state[0m
[0;32mI (291) sleep_gpio: Enable automatic switching of GPIO sleep configuration[0m
[0;32mI (298) main_task: Started on CPU0[0m
[0;32mI (318) main_task: Calling app_main()[0m
[0;32mI (318) MP3_UI: Initializing display[0m
[0;32mI (438) MP3_UI: Creating UI[0m
Guru Meditation Error: Core  0 panic'ed (LoadProhibited). Exception was unhandled.

Core  0 register dump:
PC      : 0x4203c433  PS      : 0x00060031  A0      : 0x82009e94  A1      : 0x3fc96410  
A2      : 0x00000000  A3      : 0x600c2054  A4      : 0x00000006  A5      : 0x00060023  
A6      : 0x00000000  A7      : 0x0000cdcd  A8      : 0x8037c071  A9      : 0x3fc96400  
A10     : 0x00060023  A11     : 0x00000001  A12     : 0x00060021  A13     : 0x3fca38c0  
A14     : 0x3c05abe4  A15     : 0x3fca3930  SAR     : 0x00000015  EXCCAUSE: 0x0000001c  
EXCVADDR: 0x0000000c  LBEG    : 0x400570e8  LEND    : 0x400570f3  LCOUNT  : 0x00000000  


Backtrace: 0x4203c430:0x3fc96410 0x42009e91:0x3fc96430 0x4200ab81:0x3fc96450 0x40378193:0x3fc96470 0x4037846f:0x3fc96490 0x40377015:0x3fc964c0 0x42011a19:0x3fca3a00 0x42012021:0x3fca3a20 0x42012177:0x3fca3a90 0x42012284:0x3fca3ac0 0x4201242a:0x3fca3ae0 0x42016ed5:0x3fca3b10 0x42016f7f:0x3fca3b30 0x4200a2a2:0x3fca3b50 0x42040834:0x3fca3c00 0x4037bd0d:0x3fca3c30




ELF file SHA256: 339597ba4

Rebooting...
ESP-ROM:esp32s3-20210327
Build:Mar 27 2021
rst:0xc (RTC_SW_CPU_RST),boot:0x8 (SPI_FAST_FLASH_BOOT)
Saved PC:0x4037b1e0
SPIWP:0xee
mode:DIO, clock div:1
load:0x3fce2820,len:0x14f0
load:0x403c8700,len:0xd24
load:0x403cb700,len:0x2ef0
entry 0x403c8924
[0;32mI (29) boot: ESP-IDF v5.5.3-dirty 2nd stage bootloader[0m
[0;32mI (29) boot: compile time Mar 15 2026 14:33:44[0m
[0;32mI (29) boot: Multicore bootloader[0m
[0;32mI (30) boot: chip revision: v0.2[0m
[0;32mI (33) boot: efuse block revision: v1.4[0m
[0;32mI (36) boot.esp32s3: Boot SPI Speed : 80MHz[0m
[0;32mI (40) boot.esp32s3: SPI Mode       : DIO[0m
[0;32mI (44) boot.esp32s3: SPI Flash Size : 2MB[0m
[0;32mI (48) boot: Enabling RNG early entropy source...[0m
[0;32mI (52) boot: Partition Table:[0m
[0;32mI (55) boot: ## Label            Usage          Type ST Offset   Length[0m
[0;32mI (61) boot:  0 nvs              WiFi data        01 02 00009000 00006000[0m
[0;32mI (67) boot:  1 phy_init         RF data          01 01 0000f000 00001000[0m
[0;32mI (74) boot:  2 factory          factory app      00 00 00010000 00100000[0m
[0;32mI (81) boot: End of partition table[0m
[0;32mI (84) esp_image: segment 0: paddr=00010020 vaddr=3c050020 size=10f4ch ( 69452) map[0m
[0;32mI (103) esp_image: segment 1: paddr=00020f74 vaddr=3fc95200 size=0332ch ( 13100) load[0m
[0;32mI (107) esp_image: segment 2: paddr=000242a8 vaddr=40374000 size=0bd70h ( 48496) load[0m
[0;32mI (118) esp_image: segment 3: paddr=00030020 vaddr=42000020 size=41648h (267848) map[0m
[0;32mI (165) esp_image: segment 4: paddr=00071670 vaddr=4037fd70 size=05440h ( 21568) load[0m
[0;32mI (171) esp_image: segment 5: paddr=00076ab8 vaddr=50000000 size=00020h (    32) load[0m
[0;32mI (178) boot: Loaded app from partition at offset 0x10000[0m
[0;32mI (178) boot: Disabling RNG early entropy source...[0m
[0;32mI (191) cpu_start: Multicore app[0m
[0;32mI (199) cpu_start: GPIO 44 and 43 are used as console UART I/O pins[0m
[0;32mI (200) cpu_start: Pro cpu start user code[0m
[0;32mI (200) cpu_start: cpu freq: 160000000 Hz[0m
[0;32mI (202) app_init: Application information:[0m
[0;32mI (205) app_init: Project name:     esp32-s3-mp3-player[0m
[0;32mI (210) app_init: App version:      1[0m
[0;32mI (214) app_init: Compile time:     Mar 15 2026 20:52:28[0m
[0;32mI (219) app_init: ELF file SHA256:  339597ba4...[0m
[0;32mI (223) app_init: ESP-IDF:          v5.5.3-dirty[0m
[0;32mI (227) efuse_init: Min chip rev:     v0.0[0m
[0;32mI (231) efuse_init: Max chip rev:     v0.99 [0m
[0;32mI (235) efuse_init: Chip rev:         v0.2[0m
[0;32mI (239) heap_init: Initializing. RAM available for dynamic allocation:[0m
[0;32mI (245) heap_init: At 3FCA1318 len 000483F8 (288 KiB): RAM[0m
[0;32mI (251) heap_init: At 3FCE9710 len 00005724 (21 KiB): RAM[0m
[0;32mI (256) heap_init: At 3FCF0000 len 00008000 (32 KiB): DRAM[0m
[0;32mI (261) heap_init: At 600FE000 len 00001FE8 (7 KiB): RTCRAM[0m
[0;32mI (267) spi_flash: detected chip: boya[0m
[0;32mI (270) spi_flash: flash io: dio[0m
[0;33mW (273) spi_flash: Detected size(16384k) larger than the size in the binary image header(2048k). Using the size in the binary image header.[0m
[0;32mI (285) sleep_gpio: Configure to isolate all GPIO pins in sleep state[0m
[0;32mI (291) sleep_gpio: Enable automatic switching of GPIO sleep configuration[0m
[0;32mI (298) main_task: Started on CPU0[0m
[0;32mI (318) main_task: Calling app_main()[0m
[0;32mI (318) MP3_UI: Initializing display[0m
[0;32mI (438) MP3_UI: Creating UI[0m
Guru Meditation Error: Core  0 panic'ed (LoadProhibited). Exception was unhandled.

Core  0 register dump:
PC      : 0x4203c433  PS      : 0x00060031  A0      : 0x82009e94  A1      : 0x3fc96410  
A2      : 0x00000000  A3      : 0x600c2054  A4      : 0x00000006  A5      : 0x00060023  
A6      : 0x00000000  A7      : 0x0000cdcd  A8      : 0x8037c071  A9      : 0x3fc96400  
A10     : 0x00060023  A11     : 0x00000001  A12     : 0x00060021  A13     : 0x3fca38c0  
A14     : 0x3c05abe4  A15     : 0x3fca3930  SAR     : 0x00000015  EXCCAUSE: 0x0000001c  
EXCVADDR: 0x0000000c  LBEG    : 0x400570e8  LEND    : 0x400570f3  LCOUNT  : 0x00000000  


Backtrace: 0x4203c430:0x3fc96410 0x42009e91:0x3fc96430 0x4200ab81:0x3fc96450 0x40378193:0x3fc96470 0x4037846f:0x3fc96490 0x40377015:0x3fc964c0 0x42011a19:0x3fca3a00 0x42012021:0x3fca3a20 0x42012177:0x3fca3a90 0x42012284:0x3fca3ac0 0x4201242a:0x3fca3ae0 0x42016ed5:0x3fca3b10 0x42016f7f:0x3fca3b30 0x4200a2a2:0x3fca3b50 0x42040834:0x3fca3c00 0x4037bd0d:0x3fca3c30




ELF file SHA256: 339597ba4

Rebooting...
ESP-ROM:esp32s3-20210327
Build:Mar 27 2021
rst:0xc (RTC_SW_CPU_RST),boot:0x8 (SPI_FAST_FLASH_BOOT)
Saved PC:0x4037b1e0
SPIWP:0xee
mode:DIO, clock div:1
load:0x3fce2820,len:0x14f0
load:0x403c8700,len:0xd24
load:0x403cb700,len:0x2ef0
entry 0x403c8924
[0;32mI (29) boot: ESP-IDF v5.5.3-dirty 2nd stage bootloader[0m
[0;32mI (29) boot: compile time Mar 15 2026 14:33:44[0m
[0;32mI (29) boot: Multicore bootloader[0m
[0;32mI (30) boot: chip revision: v0.2[0m
[0;32mI (33) boot: efuse block revision: v1.4[0m
[0;32mI (36) boot.esp32s3: Boot SPI Speed : 80MHz[0m
[0;32mI (40) boot.esp32s3: SPI Mode       : DIO[0m
[0;32mI (44) boot.esp32s3: SPI Flash Size : 2MB[0m
[0;32mI (48) boot: Enabling RNG early entropy source...[0m
[0;32mI (52) boot: Partition Table:[0m
[0;32mI (55) boot: ## Label            Usage          Type ST Offset   Length[0m
[0;32mI (61) boot:  0 nvs              WiFi data        01 02 00009000 00006000[0m
[0;32mI (67) boot:  1 phy_init         RF data          01 01 0000f000 00001000[0m
[0;32mI (74) boot:  2 factory          factory app      00 00 00010000 00100000[0m
[0;32mI (81) boot: End of partition table[0m
[0;32mI (84) esp_image: segment 0: paddr=00010020 vaddr=3c050020 size=10f4ch ( 69452) map[0m
[0;32mI (103) esp_image: segment 1: paddr=00020f74 vaddr=3fc95200 size=0332ch ( 13100) load[0m
[0;32mI (107) esp_image: segment 2: paddr=000242a8 vaddr=40374000 size=0bd70h ( 48496) load[0m
[0;32mI (118) esp_image: segment 3: paddr=00030020 vaddr=42000020 size=41648h (267848) map[0m
[0;32mI (165) esp_image: segment 4: paddr=00071670 vaddr=4037fd70 size=05440h ( 21568) load[0m
[0;32mI (171) esp_image: segment 5: paddr=00076ab8 vaddr=50000000 size=00020h (    32) load[0m
[0;32mI (178) boot: Loaded app from partition at offset 0x10000[0m
[0;32mI (178) boot: Disabling RNG early entropy source...[0m
[0;32mI (191) cpu_start: Multicore app[0m
[0;32mI (199) cpu_start: GPIO 44 and 43 are used as console UART I/O pins[0m
[0;32mI (200) cpu_start: Pro cpu start user code[0m
[0;32mI (200) cpu_start: cpu freq: 160000000 Hz[0m
[0;32mI (202) app_init: Application information:[0m
[0;32mI (205) app_init: Project name:     esp32-s3-mp3-player[0m
[0;32mI (210) app_init: App version:      1[0m
[0;32mI (214) app_init: Compile time:     Mar 15 2026 20:52:28[0m
[0;32mI (219) app_init: ELF file SHA256:  339597ba4...[0m
[0;32mI (223) app_init: ESP-IDF:          v5.5.3-dirty[0m
[0;32mI (227) efuse_init: Min chip rev:     v0.0[0m
[0;32mI (231) efuse_init: Max chip rev:     v0.99 [0m
[0;32mI (235) efuse_init: Chip rev:         v0.2[0m
[0;32mI (239) heap_init: Initializing. RAM available for dynamic allocation:[0m
[0;32mI (245) heap_init: At 3FCA1318 len 000483F8 (288 KiB): RAM[0m
[0;32mI (251) heap_init: At 3FCE9710 len 00005724 (21 KiB): RAM[0m
[0;32mI (256) heap_init: At 3FCF0000 len 00008000 (32 KiB): DRAM[0m
[0;32mI (261) heap_init: At 600FE000 len 00001FE8 (7 KiB): RTCRAM[0m
[0;32mI (267) spi_flash: detected chip: boya[0m
[0;32mI (270) spi_flash: flash io: dio[0m
[0;33mW (273) spi_flash: Detected size(16384k) larger than the size in the binary image header(2048k). Using the size in the binary image header.[0m
[0;32mI (285) sleep_gpio: Configure to isolate all GPIO pins in sleep state[0m
[0;32mI (291) sleep_gpio: Enable automatic switching of GPIO sleep configuration[0m
[0;32mI (298) main_task: Started on CPU0[0m
[0;32mI (318) main_task: Calling app_main()[0m
[0;32mI (318) MP3_UI: Initializing display[0m
[0;32mI (438) MP3_UI: Creating UI[0m
Guru Meditation Error: Core  0 panic'ed (LoadProhibited). Exception was unhandled.

Core  0 register dump:
PC      : 0x4203c433  PS      : 0x00060031  A0      : 0x82009e94  A1      : 0x3fc96410  
A2      : 0x00000000  A3      : 0x600c2054  A4      : 0x00000006  A5      : 0x00060023  
A6      : 0x00000000  A7      : 0x0000cdcd  A8      : 0x8037c071  A9      : 0x3fc96400  
A10     : 0x00060023  A11     : 0x00000001  A12     : 0x00060021  A13     : 0x3fca38c0  
A14     : 0x3c05abe4  A15     : 0x3fca3930  SAR     : 0x00000015  EXCCAUSE: 0x0000001c  
EXCVADDR: 0x0000000c  LBEG    : 0x400570e8  LEND    : 0x400570f3  LCOUNT  : 0x00000000  


Backtrace: 0x4203c430:0x3fc96410 0x42009e91:0x3fc96430 0x4200ab81:0x3fc96450 0x40378193:0x3fc96470 0x4037846f:0x3fc96490 0x40377015:0x3fc964c0 0x42011a19:0x3fca3a00 0x42012021:0x3fca3a20 0x42012177:0x3fca3a90 0x42012284:0x3fca3ac0 0x4201242a:0x3fca3ae0 0x42016ed5:0x3fca3b10 0x42016f7f:0x3fca3b30 0x4200a2a2:0x3fca3b50 0x42040834:0x3fca3c00 0x4037bd0d:0x3fca3c30




ELF file SHA256: 339597ba4

Rebooting...
ESP-ROM:esp32s3-20210327
Build:Mar 27 2021
rst:0xc (RTC_SW_CPU_RST),boot:0x8 (SPI_FAST_FLASH_BOOT)
Saved PC:0x4037b1e0
SPIWP:0xee
mode:DIO, clock div:1
load:0x3fce2820,len:0x14f0
load:0x403c8700,len:0xd24
load:0x403cb700,len:0x2ef0
entry 0x403c8924
[0;32mI (29) boot: ESP-IDF v5.5.3-dirty 2nd stage bootloader[0m
[0;32mI (29) boot: compile time Mar 15 2026 14:33:44[0m
[0;32mI (29) boot: Multicore bootloader[0m
[0;32mI (30) boot: chip revision: v0.2[0m
[0;32mI (33) boot: efuse block revision: v1.4[0m
[0;32mI (36) boot.esp32s3: Boot SPI Speed : 80MHz[0m
[0;32mI (40) boot.esp32s3: SPI Mode       : DIO[0m
[0;32mI (44) boot.esp32s3: SPI Flash Size : 2MB[0m
[0;32mI (48) boot: Enabling RNG early entropy source...[0m
[0;32mI (52) boot: Partition Table:[0m
[0;32mI (55) boot: ## Label            Usage          Type ST Offset   Length[0m
[0;32mI (61) boot:  0 nvs              WiFi data        01 02 00009000 00006000[0m
[0;32mI (67) boot:  1 phy_init         RF data          01 01 0000f000 00001000[0m
[0;32mI (74) boot:  2 factory          factory app      00 00 00010000 00100000[0m
[0;32mI (81) boot: End of partition table[0m
[0;32mI (84) esp_image: segment 0: paddr=00010020 vaddr=3c050020 size=10f4ch ( 69452) map[0m
[0;32mI (103) esp_image: segment 1: paddr=00020f74 vaddr=3fc95200 size=0332ch ( 13100) load[0m
[0;32mI (107) esp_image: segment 2: paddr=000242a8 vaddr=40374000 size=0bd70h ( 48496) load[0m
[0;32mI (118) esp_image: segment 3: paddr=00030020 vaddr=42000020 size=41648h (267848) map[0m
[0;32mI (165) esp_image: segment 4: paddr=00071670 vaddr=4037fd70 size=05440h ( 21568) load[0m
[0;32mI (171) esp_image: segment 5: paddr=00076ab8 vaddr=50000000 size=00020h (    32) load[0m
[0;32mI (178) boot: Loaded app from partition at offset 0x10000[0m
[0;32mI (178) boot: Disabling RNG early entropy source...[0m
[0;32mI (191) cpu_start: Multicore app[0m
[0;32mI (199) cpu_start: GPIO 44 and 43 are used as console UART I/O pins[0m
[0;32mI (200) cpu_start: Pro cpu start user code[0m
[0;32mI (200) cpu_start: cpu freq: 160000000 Hz[0m
[0;32mI (202) app_init: Application information:[0m
[0;32mI (205) app_init: Project name:     esp32-s3-mp3-player[0m
[0;32mI (210) app_init: App version:      1[0m
[0;32mI (214) app_init: Compile time:     Mar 15 2026 20:52:28[0m
[0;32mI (219) app_init: ELF file SHA256:  339597ba4...[0m
[0;32mI (223) app_init: ESP-IDF:          v5.5.3-dirty[0m
[0;32mI (227) efuse_init: Min chip rev:     v0.0[0m
[0;32mI (231) efuse_init: Max chip rev:     v0.99 [0m
[0;32mI (235) efuse_init: Chip rev:         v0.2[0m
[0;32mI (239) heap_init: Initializing. RAM available for dynamic allocation:[0m
[0;32mI (245) heap_init: At 3FCA1318 len 000483F8 (288 KiB): RAM[0m
[0;32mI (251) heap_init: At 3FCE9710 len 00005724 (21 KiB): RAM[0m
[0;32mI (256) heap_init: At 3FCF0000 len 00008000 (32 KiB): DRAM[0m
[0;32mI (261) heap_init: At 600FE000 len 00001FE8 (7 KiB): RTCRAM[0m
[0;32mI (267) spi_flash: detected chip: boya[0m
[0;32mI (270) spi_flash: flash io: dio[0m
[0;33mW (273) spi_flash: Detected size(16384k) larger than the size in the binary image header(2048k). Using the size in the binary image header.[0m
[0;32mI (285) sleep_gpio: Configure to isolate all GPIO pins in sleep state[0m
[0;32mI (291) sleep_gpio: Enable automatic switching of GPIO sleep configuration[0m
[0;32mI (298) main_task: Started on CPU0[0m
[0;32mI (318) main_task: Calling app_main()[0m
[0;32mI (318) MP3_UI: Initializing display[0m
[0;32mI (438) MP3_UI: Creating UI[0m
Guru Meditation Error: Core  0 panic'ed (LoadProhibited). Exception was unhandled.

Core  0 register dump:
PC      : 0x4203c433  PS      : 0x00060031  A0      : 0x82009e94  A1      : 0x3fc96410  
A2      : 0x00000000  A3      : 0x600c2054  A4      : 0x00000006  A5      : 0x00060023  
A6      : 0x00000000  A7      : 0x0000cdcd  A8      : 0x8037c071  A9      : 0x3fc96400  
A10     : 0x00060023  A11     : 0x00000001  A12     : 0x00060021  A13     : 0x3fca38c0  
A14     : 0x3c05abe4  A15     : 0x3fca3930  SAR     : 0x00000015  EXCCAUSE: 0x0000001c  
EXCVADDR: 0x0000000c  LBEG    : 0x400570e8  LEND    : 0x400570f3  LCOUNT  : 0x00000000  


Backtrace: 0x4203c430:0x3fc96410 0x42009e91:0x3fc96430 0x4200ab81:0x3fc96450 0x40378193:0x3fc96470 0x4037846f:0x3fc96490 0x40377015:0x3fc964c0 0x42011a19:0x3fca3a00 0x42012021:0x3fca3a20 0x42012177:0x3fca3a90 0x42012284:0x3fca3ac0 0x4201242a:0x3fca3ae0 0x42016ed5:0x3fca3b10 0x42016f7f:0x3fca3b30 0x4200a2a2:0x3fca3b50 0x42040834:0x3fca3c00 0x4037bd0d:0x3fca3c30




ELF file SHA256: 339597ba4

Rebooting...
ESP-ROM:esp32s3-20210327
Build:Mar 27 2021
rst:0xc (RTC_SW_CPU_RST),boot:0x8 (SPI_FAST_FLASH_BOOT)
Saved PC:0x4037b1e0
SPIWP:0xee
mode:DIO, clock div:1
load:0x3fce2820,len:0x14f0
load:0x403c8700,len:0xd24
load:0x403cb700,len:0x2ef0
entry 0x403c8924
[0;32mI (29) boot: ESP-IDF v5.5.3-dirty 2nd stage bootloader[0m
[0;32mI (29) boot: compile time Mar 15 2026 14:33:44[0m
[0;32mI (29) boot: Multicore bootloader[0m
[0;32mI (30) boot: chip revision: v0.2[0m
[0;32mI (33) boot: efuse block revision: v1.4[0m
[0;32mI (36) boot.esp32s3: Boot SPI Speed : 80MHz[0m
[0;32mI (40) boot.esp32s3: SPI Mode       : DIO[0m
[0;32mI (44) boot.esp32s3: SPI Flash Size : 2MB[0m
[0;32mI (48) boot: Enabling RNG early entropy source...[0m
[0;32mI (52) boot: Partition Table:[0m
[0;32mI (55) boot: ## Label            Usage          Type ST Offset   Length[0m
[0;32mI (61) boot:  0 nvs              WiFi data        01 02 00009000 00006000[0m
[0;32mI (67) boot:  1 phy_init         RF data          01 01 0000f000 00001000[0m
[0;32mI (74) boot:  2 factory          factory app      00 00 00010000 00100000[0m
[0;32mI (81) boot: End of partition table[0m
[0;32mI (84) esp_image: segment 0: paddr=00010020 vaddr=3c050020 size=10f4ch ( 69452) map[0m
[0;32mI (103) esp_image: segment 1: paddr=00020f74 vaddr=3fc95200 size=0332ch ( 13100) load[0m
[0;32mI (107) esp_image: segment 2: paddr=000242a8 vaddr=40374000 size=0bd70h ( 48496) load[0m
[0;32mI (118) esp_image: segment 3: paddr=00030020 vaddr=42000020 size=41648h (267848) map[0m
[0;32mI (165) esp_image: segment 4: paddr=00071670 vaddr=4037fd70 size=05440h ( 21568) load[0m
[0;32mI (171) esp_image: segment 5: paddr=00076ab8 vaddr=50000000 size=00020h (    32) load[0m
[0;32mI (178) boot: Loaded app from partition at offset 0x10000[0m
[0;32mI (178) boot: Disabling RNG early entropy source...[0m
[0;32mI (191) cpu_start: Multicore app[0m
[0;32mI (199) cpu_start: GPIO 44 and 43 are used as console UART I/O pins[0m
[0;32mI (200) cpu_start: Pro cpu start user code[0m
[0;32mI (200) cpu_start: cpu freq: 160000000 Hz[0m
[0;32mI (202) app_init: Application information:[0m
[0;32mI (205) app_init: Project name:     esp32-s3-mp3-player[0m
[0;32mI (210) app_init: App version:      1[0m
[0;32mI (214) app_init: Compile time:     Mar 15 2026 20:52:28[0m
[0;32mI (219) app_init: ELF file SHA256:  339597ba4...[0m
[0;32mI (223) app_init: ESP-IDF:          v5.5.3-dirty[0m
[0;32mI (227) efuse_init: Min chip rev:     v0.0[0m
[0;32mI (231) efuse_init: Max chip rev:     v0.99 [0m
[0;32mI (235) efuse_init: Chip rev:         v0.2[0m
[0;32mI (239) heap_init: Initializing. RAM available for dynamic allocation:[0m
[0;32mI (245) heap_init: At 3FCA1318 len 000483F8 (288 KiB): RAM[0m
[0;32mI (251) heap_init: At 3FCE9710 len 00005724 (21 KiB): RAM[0m
[0;32mI (256) heap_init: At 3FCF0000 len 00008000 (32 KiB): DRAM[0m
[0;32mI (261) heap_init: At 600FE000 len 00001FE8 (7 KiB): RTCRAM[0m
[0;32mI (267) spi_flash: detected chip: boya[0m
[0;32mI (270) spi_flash: flash io: dio[0m
[0;33mW (273) spi_flash: Detected size(16384k) larger than the size in the binary image header(2048k). Using the size in the binary image header.[0m
[0;32mI (285) sleep_gpio: Configure to isolate all GPIO pins in sleep state[0m
[0;32mI (291) sleep_gpio: Enable automatic switching of GPIO sleep configuration[0m
[0;32mI (298) main_task: Started on CPU0[0m
[0;32mI (318) main_task: Calling app_main()[0m
[0;32mI (318) MP3_UI: Initializing display[0m
[0;32mI (438) MP3_UI: Creating UI[0m
Guru Meditation Error: Core  0 panic'ed (LoadProhibited). Exception was unhandled.

Core  0 register dump:
PC      : 0x4203c433  PS      : 0x00060031  A0      : 0x82009e94  A1      : 0x3fc96410  
A2      : 0x00000000  A3      : 0x600c2054  A4      : 0x00000006  A5      : 0x00060023  
A6      : 0x00000000  A7      : 0x0000cdcd  A8      : 0x8037c071  A9      : 0x3fc96400  
A10     : 0x00060023  A11     : 0x00000001  A12     : 0x00060021  A13     : 0x3fca38c0  
A14     : 0x3c05abe4  A15     : 0x3fca3930  SAR     : 0x00000015  EXCCAUSE: 0x0000001c  
EXCVADDR: 0x0000000c  LBEG    : 0x400570e8  LEND    : 0x400570f3  LCOUNT  : 0x00000000  


Backtrace: 0x4203c430:0x3fc96410 0x42009e91:0x3fc96430 0x4200ab81:0x3fc96450 0x40378193:0x3fc96470 0x4037846f:0x3fc96490 0x40377015:0x3fc964c0 0x42011a19:0x3fca3a00 0x42012021:0x3fca3a20 0x42012177:0x3fca3a90 0x42012284:0x3fca3ac0 0x4201242a:0x3fca3ae0 0x42016ed5:0x3fca3b10 0x42016f7f:0x3fca3b30 0x4200a2a2:0x3fca3b50 0x42040834:0x3fca3c00 0x4037bd0d:0x3fca3c30




ELF file SHA256: 339597ba4

Rebooting...
ESP-ROM:esp32s3-20210327
Build:Mar 27 2021
rst:0xc (RTC_SW_CPU_RST),boot:0x8 (SPI_FAST_FLASH_BOOT)
Saved PC:0x4037b1e0
SPIWP:0xee
mode:DIO, clock div:1
load:0x3fce2820,len:0x14f0
load:0x403c8700,len:0xd24
load:0x403cb700,len:0x2ef0
entry 0x403c8924
[0;32mI (29) boot: ESP-IDF v5.5.3-dirty 2nd stage bootloader[0m
[0;32mI (29) boot: compile time Mar 15 2026 14:33:44[0m
[0;32mI (29) boot: Multicore bootloader[0m
[0;32mI (30) boot: chip revision: v0.2[0m
[0;32mI (33) boot: efuse block revision: v1.4[0m
[0;32mI (36) boot.esp32s3: Boot SPI Speed : 80MHz[0m
[0;32mI (40) boot.esp32s3: SPI Mode       : DIO[0m
[0;32mI (44) boot.esp32s3: SPI Flash Size : 2MB[0m
[0;32mI (48) boot: Enabling RNG early entropy source...[0m
[0;32mI (52) boot: Partition Table:[0m
[0;32mI (55) boot: ## Label            Usage          Type ST Offset   Length[0m
[0;32mI (61) boot:  0 nvs              WiFi data        01 02 00009000 00006000[0m
[0;32mI (67) boot:  1 phy_init         RF data          01 01 0000f000 00001000[0m
[0;32mI (74) boot:  2 factory          factory app      00 00 00010000 00100000[0m
[0;32mI (81) boot: End of partition table[0m
[0;32mI (84) esp_image: segment 0: paddr=00010020 vaddr=3c050020 size=10f4ch ( 69452) map[0m
[0;32mI (103) esp_image: segment 1: paddr=00020f74 vaddr=3fc95200 size=0332ch ( 13100) load[0m
[0;32mI (107) esp_image: segment 2: paddr=000242a8 vaddr=40374000 size=0bd70h ( 48496) load[0m
[0;32mI (118) esp_image: segment 3: paddr=00030020 vaddr=42000020 size=41648h (267848) map[0m
[0;32mI (165) esp_image: segment 4: paddr=00071670 vaddr=4037fd70 size=05440h ( 21568) load[0m
[0;32mI (171) esp_image: segment 5: paddr=00076ab8 vaddr=50000000 size=00020h (    32) load[0m
[0;32mI (178) boot: Loaded app from partition at offset 0x10000[0m
[0;32mI (178) boot: Disabling RNG early entropy source...[0m
[0;32mI (191) cpu_start: Multicore app[0m
[0;32mI (199) cpu_start: GPIO 44 and 43 are used as console UART I/O pins[0m
[0;32mI (200) cpu_start: Pro cpu start user code[0m
[0;32mI (200) cpu_start: cpu freq: 160000000 Hz[0m
[0;32mI (202) app_init: Application information:[0m
[0;32mI (205) app_init: Project name:     esp32-s3-mp3-player[0m
[0;32mI (210) app_init: App version:      1[0m
[0;32mI (214) app_init: Compile time:     Mar 15 2026 20:52:28[0m
[0;32mI (219) app_init: ELF file SHA256:  339597ba4...[0m
[0;32mI (223) app_init: ESP-IDF:          v5.5.3-dirty[0m
[0;32mI (227) efuse_init: Min chip rev:     v0.0[0m
[0;32mI (231) efuse_init: Max chip rev:     v0.99 [0m
[0;32mI (235) efuse_init: Chip rev:         v0.2[0m
[0;32mI (239) heap_init: Initializing. RAM available for dynamic allocation:[0m
[0;32mI (245) heap_init: At 3FCA1318 len 000483F8 (288 KiB): RAM[0m
[0;32mI (251) heap_init: At 3FCE9710 len 00005724 (21 KiB): RAM[0m
[0;32mI (256) heap_init: At 3FCF0000 len 00008000 (32 KiB): DRAM[0m
[0;32mI (261) heap_init: At 600FE000 len 00001FE8 (7 KiB): RTCRAM[0m
[0;32mI (267) spi_flash: detected chip: boya[0m
[0;32mI (270) spi_flash: flash io: dio[0m
[0;33mW (273) spi_flash: Detected size(16384k) larger than the size in the binary image header(2048k). Using the size in the binary image header.[0m
[0;32mI (285) sleep_gpio: Configure to isolate all GPIO pins in sleep state[0m
[0;32mI (291) sleep_gpio: Enable automatic switching of GPIO sleep configuration[0m
[0;32mI (298) main_task: Started on CPU0[0m
[0;32mI (318) main_task: Calling app_main()[0m
[0;32mI (318) MP3_UI: Initializing display[0m
[0;32mI (438) MP3_UI: Creating UI[0m
Guru Meditation Error: Core  0 panic'ed (LoadProhibited). Exception was unhandled.

Core  0 register dump:
PC      : 0x4203c433  PS      : 0x00060031  A0      : 0x82009e94  A1      : 0x3fc96410  
A2      : 0x00000000  A3      : 0x600c2054  A4      : 0x00000006  A5      : 0x00060023  
A6      : 0x00000000  A7      : 0x0000cdcd  A8      : 0x8037c071  A9      : 0x3fc96400  
A10     : 0x00060023  A11     : 0x00000001  A12     : 0x00060021  A13     : 0x3fca38c0  
A14     : 0x3c05abe4  A15     : 0x3fca3930  SAR     : 0x00000015  EXCCAUSE: 0x0000001c  
EXCVADDR: 0x0000000c  LBEG    : 0x400570e8  LEND    : 0x400570f3  LCOUNT  : 0x00000000  


Backtrace: 0x4203c430:0x3fc96410 0x42009e91:0x3fc96430 0x4200ab81:0x3fc96450 0x40378193:0x3fc96470 0x4037846f:0x3fc96490 0x40377015:0x3fc964c0 0x42011a19:0x3fca3a00 0x42012021:0x3fca3a20 0x42012177:0x3fca3a90 0x42012284:0x3fca3ac0 0x4201242a:0x3fca3ae0 0x42016ed5:0x3fca3b10 0x42016f7f:0x3fca3b30 0x4200a2a2:0x3fca3b50 0x42040834:0x3fca3c00 0x4037bd0d:0x3fca3c30




ELF file SHA256: 339597ba4

Rebooting...
ESP-ROM:esp32s3-20210327
Build:Mar 27 2021
rst:0xc (RTC_SW_CPU_RST),boot:0x8 (SPI_FAST_FLASH_BOOT)
Saved PC:0x4037b1e0
SPIWP:0xee
mode:DIO, clock div:1
load:0x3fce2820,len:0x14f0
load:0x403c8700,len:0xd24
load:0x403cb700,len:0x2ef0
entry 0x403c8924
[0;32mI (29) boot: ESP-IDF v5.5.3-dirty 2nd stage bootloader[0m
[0;32mI (29) boot: compile time Mar 15 2026 14:33:44[0m
[0;32mI (29) boot: Multicore bootloader[0m
[0;32mI (30) boot: chip revision: v0.2[0m
[0;32mI (33) boot: efuse block revision: v1.4[0m
[0;32mI (36) boot.esp32s3: Boot SPI Speed : 80MHz[0m
[0;32mI (40) boot.esp32s3: SPI Mode       : DIO[0m
[0;32mI (44) boot.esp32s3: SPI Flash Size : 2MB[0m
[0;32mI (48) boot: Enabling RNG early entropy source...[0m
[0;32mI (52) boot: Partition Table:[0m
[0;32mI (55) boot: ## Label            Usage          Type ST Offset   Length[0m
[0;32mI (61) boot:  0 nvs              WiFi data        01 02 00009000 00006000[0m
[0;32mI (67) boot:  1 phy_init         RF data          01 01 0000f000 00001000[0m
[0;32mI (74) boot:  2 factory          factory app      00 00 00010000 00100000[0m
[0;32mI (81) boot: End of partition table[0m
[0;32mI (84) esp_image: segment 0: paddr=00010020 vaddr=3c050020 size=10f4ch ( 69452) map[0m
[0;32mI (103) esp_image: segment 1: paddr=00020f74 vaddr=3fc95200 size=0332ch ( 13100) load[0m
[0;32mI (107) esp_image: segment 2: paddr=000242a8 vaddr=40374000 size=0bd70h ( 48496) load[0m
[0;32mI (118) esp_image: segment 3: paddr=00030020 vaddr=42000020 size=41648h (267848) map[0m
[0;32mI (165) esp_image: segment 4: paddr=00071670 vaddr=4037fd70 size=05440h ( 21568) load[0m
[0;32mI (171) esp_image: segment 5: paddr=00076ab8 vaddr=50000000 size=00020h (    32) load[0m
[0;32mI (178) boot: Loaded app from partition at offset 0x10000[0m
[0;32mI (178) boot: Disabling RNG early entropy source...[0m
[0;32mI (191) cpu_start: Multicore app[0m
[0;32mI (199) cpu_start: GPIO 44 and 43 are used as console UART I/O pins[0m
[0;32mI (200) cpu_start: Pro cpu start user code[0m
[0;32mI (200) cpu_start: cpu freq: 160000000 Hz[0m
[0;32mI (202) app_init: Application information:[0m
[0;32mI (205) app_init: Project name:     esp32-s3-mp3-player[0m
[0;32mI (210) app_init: App version:      1[0m
[0;32mI (214) app_init: Compile time:     Mar 15 2026 20:52:28[0m
[0;32mI (219) app_init: ELF file SHA256:  339597ba4...[0m
[0;32mI (223) app_init: ESP-IDF:          v5.5.3-dirty[0m
[0;32mI (227) efuse_init: Min chip rev:     v0.0[0m
[0;32mI (231) efuse_init: Max chip rev:     v0.99 [0m
[0;32mI (235) efuse_init: Chip rev:         v0.2[0m
[0;32mI (239) heap_init: Initializing. RAM available for dynamic allocation:[0m
[0;32mI (245) heap_init: At 3FCA1318 len 000483F8 (288 KiB): RAM[0m
[0;32mI (251) heap_init: At 3FCE9710 len 00005724 (21 KiB): RAM[0m
[0;32mI (256) heap_init: At 3FCF0000 len 00008000 (32 KiB): DRAM[0m
[0;32mI (261) heap_init: At 600FE000 len 00001FE8 (7 KiB): RTCRAM[0m
[0;32mI (267) spi_flash: detected chip: boya[0m
[0;32mI (270) spi_flash: flash io: dio[0m
[0;33mW (273) spi_flash: Detected size(16384k) larger than the size in the binary image header(2048k). Using the size in the binary image header.[0m
[0;32mI (285) sleep_gpio: Configure to isolate all GPIO pins in sleep state[0m
[0;32mI (291) sleep_gpio: Enable automatic switching of GPIO sleep configuration[0m
[0;32mI (298) main_task: Started on CPU0[0m
[0;32mI (318) main_task: Calling app_main()[0m
[0;32mI (318) MP3_UI: Initializing display[0m
[0;32mI (438) MP3_UI: Creating UI[0m
Guru Meditation Error: Core  0 panic'ed (LoadProhibited). Exception was unhandled.

Core  0 register dump:
PC      : 0x4203c433  PS      : 0x00060031  A0      : 0x82009e94  A1      : 0x3fc96410  
A2      : 0x00000000  A3      : 0x600c2054  A4      : 0x00000006  A5      : 0x00060023  
A6      : 0x00000000  A7      : 0x0000cdcd  A8      : 0x8037c071  A9      : 0x3fc96400  
A10     : 0x00060023  A11     : 0x00000001  A12     : 0x00060021  A13     : 0x3fca38c0  
A14     : 0x3c05abe4  A15     : 0x3fca3930  SAR     : 0x00000015  EXCCAUSE: 0x0000001c  
EXCVADDR: 0x0000000c  LBEG    : 0x400570e8  LEND    : 0x400570f3  LCOUNT  : 0x00000000  


Backtrace: 0x4203c430:0x3fc96410 0x42009e91:0x3fc96430 0x4200ab81:0x3fc96450 0x40378193:0x3fc96470 0x4037846f:0x3fc96490 0x40377015:0x3fc964c0 0x42011a19:0x3fca3a00 0x42012021:0x3fca3a20 0x42012177:0x3fca3a90 0x42012284:0x3fca3ac0 0x4201242a:0x3fca3ae0 0x42016ed5:0x3fca3b10 0x42016f7f:0x3fca3b30 0x4200a2a2:0x3fca3b50 0x42040834:0x3fca3c00 0x4037bd0d:0x3fca3c30




ELF file SHA256: 339597ba4

Rebooting...
ESP-ROM:esp32s3-20210327
Build:Mar 27 2021
rst:0xc (RTC_SW_CPU_RST),boot:0x8 (SPI_FAST_FLASH_BOOT)
Saved PC:0x4037b1e0
SPIWP:0xee
mode:DIO, clock div:1
load:0x3fce2820,len:0x14f0
load:0x403c8700,len:0xd24
load:0x403cb700,len:0x2ef0
entry 0x403c8924
[0;32mI (29) boot: ESP-IDF v5.5.3-dirty 2nd stage bootloader[0m
[0;32mI (29) boot: compile time Mar 15 2026 14:33:44[0m
[0;32mI (29) boot: Multicore bootloader[0m
[0;32mI (30) boot: chip revision: v0.2[0m
[0;32mI (33) boot: efuse block revision: v1.4[0m
[0;32mI (36) boot.esp32s3: Boot SPI Speed : 80MHz[0m
[0;32mI (40) boot.esp32s3: SPI Mode       : DIO[0m
[0;32mI (44) boot.esp32s3: SPI Flash Size : 2MB[0m
[0;32mI (48) boot: Enabling RNG early entropy source...[0m
[0;32mI (52) boot: Partition Table:[0m
[0;32mI (55) boot: ## Label            Usage          Type ST Offset   Length[0m
[0;32mI (61) boot:  0 nvs              WiFi data        01 02 00009000 00006000[0m
[0;32mI (67) boot:  1 phy_init         RF data          01 01 0000f000 00001000[0m
[0;32mI (74) boot:  2 factory          factory app      00 00 00010000 00100000[0m
[0;32mI (81) boot: End of partition table[0m
[0;32mI (84) esp_image: segment 0: paddr=00010020 vaddr=3c050020 size=10f4ch ( 69452) map[0m
[0;32mI (103) esp_image: segment 1: paddr=00020f74 vaddr=3fc95200 size=0332ch ( 13100) load[0m
[0;32mI (107) esp_image: segment 2: paddr=000242a8 vaddr=40374000 size=0bd70h ( 48496) load[0m
[0;32mI (118) esp_image: segment 3: paddr=00030020 vaddr=42000020 size=41648h (267848) map[0m
[0;32mI (165) esp_image: segment 4: paddr=00071670 vaddr=4037fd70 size=05440h ( 21568) load[0m
[0;32mI (171) esp_image: segment 5: paddr=00076ab8 vaddr=50000000 size=00020h (    32) load[0m
[0;32mI (178) boot: Loaded app from partition at offset 0x10000[0m
[0;32mI (178) boot: Disabling RNG early entropy source...[0m
[0;32mI (191) cpu_start: Multicore app[0m
[0;32mI (199) cpu_start: GPIO 44 and 43 are used as console UART I/O pins[0m
[0;32mI (200) cpu_start: Pro cpu start user code[0m
[0;32mI (200) cpu_start: cpu freq: 160000000 Hz[0m
[0;32mI (202) app_init: Application information:[0m
[0;32mI (205) app_init: Project name:     esp32-s3-mp3-player[0m
[0;32mI (210) app_init: App version:      1[0m
[0;32mI (214) app_init: Compile time:     Mar 15 2026 20:52:28[0m
[0;32mI (219) app_init: ELF file SHA256:  339597ba4...[0m
[0;32mI (223) app_init: ESP-IDF:          v5.5.3-dirty[0m
[0;32mI (227) efuse_init: Min chip rev:     v0.0[0m
[0;32mI (231) efuse_init: Max chip rev:     v0.99 [0m
[0;32mI (235) efuse_init: Chip rev:         v0.2[0m
[0;32mI (239) heap_init: Initializing. RAM available for dynamic allocation:[0m
[0;32mI (245) heap_init: At 3FCA1318 len 000483F8 (288 KiB): RAM[0m
[0;32mI (251) heap_init: At 3FCE9710 len 00005724 (21 KiB): RAM[0m
[0;32mI (256) heap_init: At 3FCF0000 len 00008000 (32 KiB): DRAM[0m
[0;32mI (261) heap_init: At 600FE000 len 00001FE8 (7 KiB): RTCRAM[0m
[0;32mI (267) spi_flash: detected chip: boya[0m
[0;32mI (270) spi_flash: flash io: dio[0m
[0;33mW (273) spi_flash: Detected size(16384k) larger than the size in the binary image header(2048k). Using the size in the binary image header.[0m
[0;32mI (285) sleep_gpio: Configure to isolate all GPIO pins in sleep state[0m
[0;32mI (291) sleep_gpio: Enable automatic switching of GPIO sleep configuration[0m
[0;32mI (298) main_task: Started on CPU0[0m
[0;32mI (318) main_task: Calling app_main()[0m
[0;32mI (318) MP3_UI: Initializing display[0m
[0;32mI (438) MP3_UI: Creating UI[0m
Guru Meditation Error: Core  0 panic'ed (LoadProhibited). Exception was unhandled.

Core  0 register dump:
PC      : 0x4203c433  PS      : 0x00060031  A0      : 0x82009e94  A1      : 0x3fc96410  
A2      : 0x00000000  A3      : 0x600c2054  A4      : 0x00000006  A5      : 0x00060023  
A6      : 0x00000000  A7      : 0x0000cdcd  A8      : 0x8037c071  A9      : 0x3fc96400  
A10     : 0x00060023  A11     : 0x00000001  A12     : 0x00060021  A13     : 0x3fca38c0  
A14     : 0x3c05abe4  A15     : 0x3fca3930  SAR     : 0x00000015  EXCCAUSE: 0x0000001c  
EXCVADDR: 0x0000000c  LBEG    : 0x400570e8  LEND    : 0x400570f3  LCOUNT  : 0x00000000  


Backtrace: 0x4203c430:0x3fc96410 0x42009e91:0x3fc96430 0x4200ab81:0x3fc96450 0x40378193:0x3fc96470 0x4037846f:0x3fc96490 0x40377015:0x3fc964c0 0x42011a19:0x3fca3a00 0x42012021:0x3fca3a20 0x42012177:0x3fca3a90 0x42012284:0x3fca3ac0 0x4201242a:0x3fca3ae0 0x42016ed5:0x3fca3b10 0x42016f7f:0x3fca3b30 0x4200a2a2:0x3fca3b50 0x42040834:0x3fca3c00 0x4037bd0d:0x3fca3c30




ELF file SHA256: 339597ba4

Rebooting...
ESP-ROM:esp32s3-20210327
Build:Mar 27 2021
rst:0xc (RTC_SW_CPU_RST),boot:0x8 (SPI_FAST_FLASH_BOOT)
Saved PC:0x4037b1e0
SPIWP:0xee
mode:DIO, clock div:1
load:0x3fce2820,len:0x14f0
load:0x403c8700,len:0xd24
load:0x403cb700,len:0x2ef0
entry 0x403c8924
[0;32mI (29) boot: ESP-IDF v5.5.3-dirty 2nd stage bootloader[0m
[0;32mI (29) boot: compile time Mar 15 2026 14:33:44[0m
[0;32mI (29) boot: Multicore bootloader[0m
[0;32mI (30) boot: chip revision: v0.2[0m
[0;32mI (33) boot: efuse block revision: v1.4[0m
[0;32mI (36) boot.esp32s3: Boot SPI Speed : 80MHz[0m
[0;32mI (40) boot.esp32s3: SPI Mode       : DIO[0m
[0;32mI (44) boot.esp32s3: SPI Flash Size : 2MB[0m
[0;32mI (48) boot: Enabling RNG early entropy source...[0m
[0;32mI (52) boot: Partition Table:[0m
[0;32mI (55) boot: ## Label            Usage          Type ST Offset   Length[0m
[0;32mI (61) boot:  0 nvs              WiFi data        01 02 00009000 00006000[0m
[0;32mI (67) boot:  1 phy_init         RF data          01 01 0000f000 00001000[0m
[0;32mI (74) boot:  2 factory          factory app      00 00 00010000 00100000[0m
[0;32mI (81) boot: End of partition table[0m
[0;32mI (84) esp_image: segment 0: paddr=00010020 vaddr=3c050020 size=10f4ch ( 69452) map[0m
[0;32mI (103) esp_image: segment 1: paddr=00020f74 vaddr=3fc95200 size=0332ch ( 13100) load[0m
[0;32mI (107) esp_image: segment 2: paddr=000242a8 vaddr=40374000 size=0bd70h ( 48496) load[0m
[0;32mI (118) esp_image: segment 3: paddr=00030020 vaddr=42000020 size=41648h (267848) map[0m
[0;32mI (165) esp_image: segment 4: paddr=00071670 vaddr=4037fd70 size=05440h ( 21568) load[0m
[0;32mI (171) esp_image: segment 5: paddr=00076ab8 vaddr=50000000 size=00020h (    32) load[0m
[0;32mI (178) boot: Loaded app from partition at offset 0x10000[0m
[0;32mI (178) boot: Disabling RNG early entropy source...[0m
[0;32mI (191) cpu_start: Multicore app[0m
[0;32mI (199) cpu_start: GPIO 44 and 43 are used as console UART I/O pins[0m
[0;32mI (200) cpu_start: Pro cpu start user code[0m
[0;32mI (200) cpu_start: cpu freq: 160000000 Hz[0m
[0;32mI (202) app_init: Application information:[0m
[0;32mI (205) app_init: Project name:     esp32-s3-mp3-player[0m
[0;32mI (210) app_init: App version:      1[0m
[0;32mI (214) app_init: Compile time:     Mar 15 2026 20:52:28[0m
[0;32mI (219) app_init: ELF file SHA256:  339597ba4...[0m
[0;32mI (223) app_init: ESP-IDF:          v5.5.3-dirty[0m
[0;32mI (227) efuse_init: Min chip rev:     v0.0[0m
[0;32mI (231) efuse_init: Max chip rev:     v0.99 [0m
[0;32mI (235) efuse_init: Chip rev:         v0.2[0m
[0;32mI (239) heap_init: Initializing. RAM available for dynamic allocation:[0m
[0;32mI (245) heap_init: At 3FCA1318 len 000483F8 (288 KiB): RAM[0m
[0;32mI (251) heap_init: At 3FCE9710 len 00005724 (21 KiB): RAM[0m
[0;32mI (256) heap_init: At 3FCF0000 len 00008000 (32 KiB): DRAM[0m
[0;32mI (261) heap_init: At 600FE000 len 00001FE8 (7 KiB): RTCRAM[0m
[0;32mI (267) spi_flash: detected chip: boya[0m
[0;32mI (270) spi_flash: flash io: dio[0m
[0;33mW (273) spi_flash: Detected size(16384k) larger than the size in the binary image header(2048k). Using the size in the binary image header.[0m
[0;32mI (285) sleep_gpio: Configure to isolate all GPIO pins in sleep state[0m
[0;32mI (291) sleep_gpio: Enable automatic switching of GPIO sleep configuration[0m
[0;32mI (298) main_task: Started on CPU0[0m
[0;32mI (318) main_task: Calling app_main()[0m
[0;32mI (318) MP3_UI: Initializing display[0m
[0;32mI (438) MP3_UI: Creating UI[0m
Guru Meditation Error: Core  0 panic'ed (LoadProhibited). Exception was unhandled.

Core  0 register dump:
PC      : 0x4203c433  PS      : 0x00060031  A0      : 0x82009e94  A1      : 0x3fc96410  
A2      : 0x00000000  A3      : 0x600c2054  A4      : 0x00000006  A5      : 0x00060023  
A6      : 0x00000000  A7      : 0x0000cdcd  A8      : 0x8037c071  A9      : 0x3fc96400  
A10     : 0x00060023  A11     : 0x00000001  A12     : 0x00060021  A13     : 0x3fca38c0  
A14     : 0x3c05abe4  A15     : 0x3fca3930  SAR     : 0x00000015  EXCCAUSE: 0x0000001c  
EXCVADDR: 0x0000000c  LBEG    : 0x400570e8  LEND    : 0x400570f3  LCOUNT  : 0x00000000  


Backtrace: 0x4203c430:0x3fc96410 0x42009e91:0x3fc96430 0x4200ab81:0x3fc96450 0x40378193:0x3fc96470 0x4037846f:0x3fc96490 0x40377015:0x3fc964c0 0x42011a19:0x3fca3a00 0x42012021:0x3fca3a20 0x42012177:0x3fca3a90 0x42012284:0x3fca3ac0 0x4201242a:0x3fca3ae0 0x42016ed5:0x3fca3b10 0x42016f7f:0x3fca3b30 0x4200a2a2:0x3fca3b50 0x42040834:0x3fca3c00 0x4037bd0d:0x3fca3c30




ELF file SHA256: 339597ba4

Rebooting...
ESP-ROM:esp32s3-20210327
Build:Mar 27 2021
rst:0xc (RTC_SW_CPU_RST),boot:0x8 (SPI_FAST_FLASH_BOOT)
Saved PC:0x4037b1e0
SPIWP:0xee
mode:DIO, clock div:1
load:0x3fce2820,len:0x14f0
load:0x403c8700,len:0xd24
load:0x403cb700,len:0x2ef0
entry 0x403c8924
[0;32mI (29) boot: ESP-IDF v5.5.3-dirty 2nd stage bootloader[0m
[0;32mI (29) boot: compile time Mar 15 2026 14:33:44[0m
[0;32mI (29) boot: Multicore bootloader[0m
[0;32mI (30) boot: chip revision: v0.2[0m
[0;32mI (33) boot: efuse block revision: v1.4[0m
[0;32mI (36) boot.esp32s3: Boot SPI Speed : 80MHz[0m
[0;32mI (40) boot.esp32s3: SPI Mode       : DIO[0m
[0;32mI (44) boot.esp32s3: SPI Flash Size : 2MB[0m
[0;32mI (48) boot: Enabling RNG early entropy source...[0m
[0;32mI (52) boot: Partition Table:[0m
[0;32mI (55) boot: ## Label            Usage          Type ST Offset   Length[0m
[0;32mI (61) boot:  0 nvs              WiFi data        01 02 00009000 00006000[0m
[0;32mI (67) boot:  1 phy_init         RF data          01 01 0000f000 00001000[0m
[0;32mI (74) boot:  2 factory          factory app      00 00 00010000 00100000[0m
[0;32mI (81) boot: End of partition table[0m
[0;32mI (84) esp_image: segment 0: paddr=00010020 vaddr=3c050020 size=10f4ch ( 69452) map[0m
[0;32mI (103) esp_image: segment 1: paddr=00020f74 vaddr=3fc95200 size=0332ch ( 13100) load[0m
[0;32mI (107) esp_image: segment 2: paddr=000242a8 vaddr=40374000 size=0bd70h ( 48496) load[0m
[0;32mI (118) esp_image: segment 3: paddr=00030020 vaddr=42000020 size=41648h (267848) map[0m
[0;32mI (165) esp_image: segment 4: paddr=00071670 vaddr=4037fd70 size=05440h ( 21568) load[0m
[0;32mI (171) esp_image: segment 5: paddr=00076ab8 vaddr=50000000 size=00020h (    32) load[0m
[0;32mI (178) boot: Loaded app from partition at offset 0x10000[0m
[0;32mI (178) boot: Disabling RNG early entropy source...[0m
[0;32mI (191) cpu_start: Multicore app[0m
[0;32mI (199) cpu_start: GPIO 44 and 43 are used as console UART I/O pins[0m
[0;32mI (200) cpu_start: Pro cpu start user code[0m
[0;32mI (200) cpu_start: cpu freq: 160000000 Hz[0m
[0;32mI (202) app_init: Application information:[0m
[0;32mI (205) app_init: Project name:     esp32-s3-mp3-player[0m
[0;32mI (210) app_init: App version:      1[0m
[0;32mI (214) app_init: Compile time:     Mar 15 2026 20:52:28[0m
[0;32mI (219) app_init: ELF file SHA256:  339597ba4...[0m
[0;32mI (223) app_init: ESP-IDF:          v5.5.3-dirty[0m
[0;32mI (227) efuse_init: Min chip rev:     v0.0[0m
[0;32mI (231) efuse_init: Max chip rev:     v0.99 [0m
[0;32mI (235) efuse_init: Chip rev:         v0.2[0m
[0;32mI (239) heap_init: Initializing. RAM available for dynamic allocation:[0m
[0;32mI (245) heap_init: At 3FCA1318 len 000483F8 (288 KiB): RAM[0m
[0;32mI (251) heap_init: At 3FCE9710 len 00005724 (21 KiB): RAM[0m
[0;32mI (256) heap_init: At 3FCF0000 len 00008000 (32 KiB): DRAM[0m
[0;32mI (261) heap_init: At 600FE000 len 00001FE8 (7 KiB): RTCRAM[0m
[0;32mI (267) spi_flash: detected chip: boya[0m
[0;32mI (270) spi_flash: flash io: dio[0m
[0;33mW (273) spi_flash: Detected size(16384k) larger than the size in the binary image header(2048k). Using the size in the binary image header.[0m
[0;32mI (285) sleep_gpio: Configure to isolate all GPIO pins in sleep state[0m
[0;32mI (291) sleep_gpio: Enable automatic switching of GPIO sleep configuration[0m
[0;32mI (298) main_task: Started on CPU0[0m
[0;32mI (318) main_task: Calling app_main()[0m
[0;32mI (318) MP3_UI: Initializing display[0m
[0;32mI (438) MP3_UI: Creating UI[0m
Guru Meditation Error: Core  0 panic'ed (LoadProhibited). Exception was unhandled.

Core  0 register dump:
PC      : 0x4203c433  PS      : 0x00060031  A0      : 0x82009e94  A1      : 0x3fc96410  
A2      : 0x00000000  A3      : 0x600c2054  A4      : 0x00000006  A5      : 0x00060023  
A6      : 0x00000000  A7      : 0x0000cdcd  A8      : 0x8037c071  A9      : 0x3fc96400  
A10     : 0x00060023  A11     : 0x00000001  A12     : 0x00060021  A13     : 0x3fca38c0  
A14     : 0x3c05abe4  A15     : 0x3fca3930  SAR     : 0x00000015  EXCCAUSE: 0x0000001c  
EXCVADDR: 0x0000000c  LBEG    : 0x400570e8  LEND    : 0x400570f3  LCOUNT  : 0x00000000  


Backtrace: 0x4203c430:0x3fc96410 0x42009e91:0x3fc96430 0x4200ab81:0x3fc96450 0x40378193:0x3fc96470 0x4037846f:0x3fc96490 0x40377015:0x3fc964c0 0x42011a19:0x3fca3a00 0x42012021:0x3fca3a20 0x42012177:0x3fca3a90 0x42012284:0x3fca3ac0 0x4201242a:0x3fca3ae0 0x42016ed5:0x3fca3b10 0x42016f7f:0x3fca3b30 0x4200a2a2:0x3fca3b50 0x42040834:0x3fca3c00 0x4037bd0d:0x3fca3c30




ELF file SHA256: 339597ba4

Rebooting...
ESP-ROM:esp32s3-20210327
Build:Mar 27 2021
rst:0xc (RTC_SW_CPU_RST),boot:0x8 (SPI_FAST_FLASH_BOOT)
Saved PC:0x4037b1e0
SPIWP:0xee
mode:DIO, clock div:1
load:0x3fce2820,len:0x14f0
load:0x403c8700,len:0xd24
load:0x403cb700,len:0x2ef0
entry 0x403c8924
[0;32mI (29) boot: ESP-IDF v5.5.3-dirty 2nd stage bootloader[0m
[0;32mI (29) boot: compile time Mar 15 2026 14:33:44[0m
[0;32mI (29) boot: Multicore bootloader[0m
[0;32mI (30) boot: chip revision: v0.2[0m
[0;32mI (33) boot: efuse block revision: v1.4[0m
[0;32mI (36) boot.esp32s3: Boot SPI Speed : 80MHz[0m
[0;32mI (40) boot.esp32s3: SPI Mode       : DIO[0m
[0;32mI (44) boot.esp32s3: SPI Flash Size : 2MB[0m
[0;32mI (48) boot: Enabling RNG early entropy source...[0m
[0;32mI (52) boot: Partition Table:[0m
[0;32mI (55) boot: ## Label            Usage          Type ST Offset   Length[0m
[0;32mI (61) boot:  0 nvs              WiFi data        01 02 00009000 00006000[0m
[0;32mI (67) boot:  1 phy_init         RF data          01 01 0000f000 00001000[0m
[0;32mI (74) boot:  2 factory          factory app      00 00 00010000 00100000[0m
[0;32mI (81) boot: End of partition table[0m
[0;32mI (84) esp_image: segment 0: paddr=00010020 vaddr=3c050020 size=10f4ch ( 69452) map[0m
[0;32mI (103) esp_image: segment 1: paddr=00020f74 vaddr=3fc95200 size=0332ch ( 13100) load[0m
[0;32mI (107) esp_image: segment 2: paddr=000242a8 vaddr=40374000 size=0bd70h ( 48496) load[0m
[0;32mI (118) esp_image: segment 3: paddr=00030020 vaddr=42000020 size=41648h (267848) map[0m
[0;32mI (165) esp_image: segment 4: paddr=00071670 vaddr=4037fd70 size=05440h ( 21568) load[0m
[0;32mI (171) esp_image: segment 5: paddr=00076ab8 vaddr=50000000 size=00020h (    32) load[0m
[0;32mI (178) boot: Loaded app from partition at offset 0x10000[0m
[0;32mI (178) boot: Disabling RNG early entropy source...[0m
[0;32mI (191) cpu_start: Multicore app[0m
[0;32mI (199) cpu_start: GPIO 44 and 43 are used as console UART I/O pins[0m
[0;32mI (200) cpu_start: Pro cpu start user code[0m
[0;32mI (200) cpu_start: cpu freq: 160000000 Hz[0m
[0;32mI (202) app_init: Application information:[0m
[0;32mI (205) app_init: Project name:     esp32-s3-mp3-player[0m
[0;32mI (210) app_init: App version:      1[0m
[0;32mI (214) app_init: Compile time:     Mar 15 2026 20:52:28[0m
[0;32mI (219) app_init: ELF file SHA256:  339597ba4...[0m
[0;32mI (223) app_init: ESP-IDF:          v5.5.3-dirty[0m
[0;32mI (227) efuse_init: Min chip rev:     v0.0[0m
[0;32mI (231) efuse_init: Max chip rev:     v0.99 [0m
[0;32mI (235) efuse_init: Chip rev:         v0.2[0m
[0;32mI (239) heap_init: Initializing. RAM available for dynamic allocation:[0m
[0;32mI (245) heap_init: At 3FCA1318 len 000483F8 (288 KiB): RAM[0m
[0;32mI (251) heap_init: At 3FCE9710 len 00005724 (21 KiB): RAM[0m
[0;32mI (256) heap_init: At 3FCF0000 len 00008000 (32 KiB): DRAM[0m
[0;32mI (261) heap_init: At 600FE000 len 00001FE8 (7 KiB): RTCRAM[0m
[0;32mI (267) spi_flash: detected chip: boya[0m
[0;32mI (270) spi_flash: flash io: dio[0m
[0;33mW (273) spi_flash: Detected size(16384k) larger than the size in the binary image header(2048k). Using the size in the binary image header.[0m
[0;32mI (285) sleep_gpio: Configure to isolate all GPIO pins in sleep state[0m
[0;32mI (291) sleep_gpio: Enable automatic switching of GPIO sleep configuration[0m
[0;32mI (298) main_task: Started on CPU0[0m
[0;32mI (318) main_task: Calling app_main()[0m
[0;32mI (318) MP3_UI: Initializing display[0m
[0;32mI (438) MP3_UI: Creating UI[0m
Guru Meditation Error: Core  0 panic'ed (LoadProhibited). Exception was unhandled.

Core  0 register dump:
PC      : 0x4203c433  PS      : 0x00060031  A0      : 0x82009e94  A1      : 0x3fc96410  
A2      : 0x00000000  A3      : 0x600c2054  A4      : 0x00000006  A5      : 0x00060023  
A6      : 0x00000000  A7      : 0x0000cdcd  A8      : 0x8037c071  A9      : 0x3fc96400  
A10     : 0x00060023  A11     : 0x00000001  A12     : 0x00060021  A13     : 0x3fca38c0  
A14     : 0x3c05abe4  A15     : 0x3fca3930  SAR     : 0x00000015  EXCCAUSE: 0x0000001c  
EXCVADDR: 0x0000000c  LBEG    : 0x400570e8  LEND    : 0x400570f3  LCOUNT  : 0x00000000  


Backtrace: 0x4203c430:0x3fc96410 0x42009e91:0x3fc96430 0x4200ab81:0x3fc96450 0x40378193:0x3fc96470 0x4037846f:0x3fc96490 0x40377015:0x3fc964c0 0x42011a19:0x3fca3a00 0x42012021:0x3fca3a20 0x42012177:0x3fca3a90 0x42012284:0x3fca3ac0 0x4201242a:0x3fca3ae0 0x42016ed5:0x3fca3b10 0x42016f7f:0x3fca3b30 0x4200a2a2:0x3fca3b50 0x42040834:0x3fca3c00 0x4037bd0d:0x3fca3c30




ELF file SHA256: 339597ba4

Rebooting...
ESP-ROM:esp32s3-20210327
Build:Mar 27 2021
rst:0xc (RTC_SW_CPU_RST),boot:0x8 (SPI_FAST_FLASH_BOOT)
Saved PC:0x4037b1e0
SPIWP:0xee
mode:DIO, clock div:1
load:0x3fce2820,len:0x14f0
load:0x403c8700,len:0xd24
load:0x403cb700,len:0x2ef0
entry 0x403c8924
[0;32mI (29) boot: ESP-IDF v5.5.3-dirty 2nd stage bootloader[0m
[0;32mI (29) boot: compile time Mar 15 2026 14:33:44[0m
[0;32mI (29) boot: Multicore bootloader[0m
[0;32mI (30) boot: chip revision: v0.2[0m
[0;32mI (33) boot: efuse block revision: v1.4[0m
[0;32mI (36) boot.esp32s3: Boot SPI Speed : 80MHz[0m
[0;32mI (40) boot.esp32s3: SPI Mode       : DIO[0m
[0;32mI (44) boot.esp32s3: SPI Flash Size : 2MB[0m
[0;32mI (48) boot: Enabling RNG early entropy source...[0m
[0;32mI (52) boot: Partition Table:[0m
[0;32mI (55) boot: ## Label            Usage          Type ST Offset   Length[0m
[0;32mI (61) boot:  0 nvs              WiFi data        01 02 00009000 00006000[0m
[0;32mI (67) boot:  1 phy_init         RF data          01 01 0000f000 00001000[0m
[0;32mI (74) boot:  2 factory          factory app      00 00 00010000 00100000[0m
[0;32mI (81) boot: End of partition table[0m
[0;32mI (84) esp_image: segment 0: paddr=00010020 vaddr=3c050020 size=10f4ch ( 69452) map[0m
[0;32mI (103) esp_image: segment 1: paddr=00020f74 vaddr=3fc95200 size=0332ch ( 13100) load[0m
[0;32mI (107) esp_image: segment 2: paddr=000242a8 vaddr=40374000 size=0bd70h ( 48496) load[0m
[0;32mI (118) esp_image: segment 3: paddr=00030020 vaddr=42000020 size=41648h (267848) map[0m
[0;32mI (165) esp_image: segment 4: paddr=00071670 vaddr=4037fd70 size=05440h ( 21568) load[0m
[0;32mI (171) esp_image: segment 5: paddr=00076ab8 vaddr=50000000 size=00020h (    32) load[0m
[0;32mI (178) boot: Loaded app from partition at offset 0x10000[0m
[0;32mI (178) boot: Disabling RNG early entropy source...[0m
[0;32mI (191) cpu_start: Multicore app[0m
[0;32mI (199) cpu_start: GPIO 44 and 43 are used as console UART I/O pins[0m
[0;32mI (200) cpu_start: Pro cpu start user code[0m
[0;32mI (200) cpu_start: cpu freq: 160000000 Hz[0m
[0;32mI (202) app_init: Application information:[0m
[0;32mI (205) app_init: Project name:     esp32-s3-mp3-player[0m
[0;32mI (210) app_init: App version:      1[0m
[0;32mI (214) app_init: Compile time:     Mar 15 2026 20:52:28[0m
[0;32mI (219) app_init: ELF file SHA256:  339597ba4...[0m
[0;32mI (223) app_init: ESP-IDF:          v5.5.3-dirty[0m
[0;32mI (227) efuse_init: Min chip rev:     v0.0[0m
[0;32mI (231) efuse_init: Max chip rev:     v0.99 [0m
[0;32mI (235) efuse_init: Chip rev:         v0.2[0m
[0;32mI (239) heap_init: Initializing. RAM available for dynamic allocation:[0m
[0;32mI (245) heap_init: At 3FCA1318 len 000483F8 (288 KiB): RAM[0m
[0;32mI (251) heap_init: At 3FCE9710 len 00005724 (21 KiB): RAM[0m
[0;32mI (256) heap_init: At 3FCF0000 len 00008000 (32 KiB): DRAM[0m
[0;32mI (261) heap_init: At 600FE000 len 00001FE8 (7 KiB): RTCRAM[0m
[0;32mI (267) spi_flash: detected chip: boya[0m
[0;32mI (270) spi_flash: flash io: dio[0m
[0;33mW (273) spi_flash: Detected size(16384k) larger than the size in the binary image header(2048k). Using the size in the binary image header.[0m
[0;32mI (285) sleep_gpio: Configure to isolate all GPIO pins in sleep state[0m
[0;32mI (291) sleep_gpio: Enable automatic switching of GPIO sleep configuration[0m
[0;32mI (298) main_task: Started on CPU0[0m
[0;32mI (318) main_task: Calling app_main()[0m
[0;32mI (318) MP3_UI: Initializing display[0m
[0;32mI (438) MP3_UI: Creating UI[0m
Guru Meditation Error: Core  0 panic'ed (LoadProhibited). Exception was unhandled.

Core  0 register dump:
PC      : 0x4203c433  PS      : 0x00060031  A0      : 0x82009e94  A1      : 0x3fc96410  
A2      : 0x00000000  A3      : 0x600c2054  A4      : 0x00000006  A5      : 0x00060023  
A6      : 0x00000000  A7      : 0x0000cdcd  A8      : 0x8037c071  A9      : 0x3fc96400  
A10     : 0x00060023  A11     : 0x00000001  A12     : 0x00060021  A13     : 0x3fca38c0  
A14     : 0x3c05abe4  A15     : 0x3fca3930  SAR     : 0x00000015  EXCCAUSE: 0x0000001c  
EXCVADDR: 0x0000000c  LBEG    : 0x400570e8  LEND    : 0x400570f3  LCOUNT  : 0x00000000  


Backtrace: 0x4203c430:0x3fc96410 0x42009e91:0x3fc96430 0x4200ab81:0x3fc96450 0x40378193:0x3fc96470 0x4037846f:0x3fc96490 0x40377015:0x3fc964c0 0x42011a19:0x3fca3a00 0x42012021:0x3fca3a20 0x42012177:0x3fca3a90 0x42012284:0x3fca3ac0 0x4201242a:0x3fca3ae0 0x42016ed5:0x3fca3b10 0x42016f7f:0x3fca3b30 0x4200a2a2:0x3fca3b50 0x42040834:0x3fca3c00 0x4037bd0d:0x3fca3c30




ELF file SHA256: 339597ba4

Rebooting...
ESP-ROM:esp32s3-20210327
Build:Mar 27 2021
rst:0xc (RTC_SW_CPU_RST),boot:0x8 (SPI_FAST_FLASH_BOOT)
Saved PC:0x4037b1e0
SPIWP:0xee
mode:DIO, clock div:1
load:0x3fce2820,len:0x14f0
load:0x403c8700,len:0xd24
load:0x403cb700,len:0x2ef0
entry 0x403c8924
[0;32mI (29) boot: ESP-IDF v5.5.3-dirty 2nd stage bootloader[0m
[0;32mI (29) boot: compile time Mar 15 2026 14:33:44[0m
[0;32mI (29) boot: Multicore bootloader[0m
[0;32mI (30) boot: chip revision: v0.2[0m
[0;32mI (33) boot: efuse block revision: v1.4[0m
[0;32mI (36) boot.esp32s3: Boot SPI Speed : 80MHz[0m
[0;32mI (40) boot.esp32s3: SPI Mode       : DIO[0m
[0;32mI (44) boot.esp32s3: SPI Flash Size : 2MB[0m
[0;32mI (48) boot: Enabling RNG early entropy source...[0m
[0;32mI (52) boot: Partition Table:[0m
[0;32mI (55) boot: ## Label            Usage          Type ST Offset   Length[0m
[0;32mI (61) boot:  0 nvs              WiFi data        01 02 00009000 00006000[0m
[0;32mI (67) boot:  1 phy_init         RF data          01 01 0000f000 00001000[0m
[0;32mI (74) boot:  2 factory          factory app      00 00 00010000 00100000[0m
[0;32mI (81) boot: End of partition table[0m
[0;32mI (84) esp_image: segment 0: paddr=00010020 vaddr=3c050020 size=10f4ch ( 69452) map[0m
[0;32mI (103) esp_image: segment 1: paddr=00020f74 vaddr=3fc95200 size=0332ch ( 13100) load[0m
[0;32mI (107) esp_image: segment 2: paddr=000242a8 vaddr=40374000 size=0bd70h ( 48496) load[0m
[0;32mI (118) esp_image: segment 3: paddr=00030020 vaddr=42000020 size=41648h (267848) map[0m
[0;32mI (165) esp_image: segment 4: paddr=00071670 vaddr=4037fd70 size=05440h ( 21568) load[0m
[0;32mI (171) esp_image: segment 5: paddr=00076ab8 vaddr=50000000 size=00020h (    32) load[0m
[0;32mI (178) boot: Loaded app from partition at offset 0x10000[0m
[0;32mI (178) boot: Disabling RNG early entropy source...[0m
[0;32mI (191) cpu_start: Multicore app[0m
[0;32mI (199) cpu_start: GPIO 44 and 43 are used as console UART I/O pins[0m
[0;32mI (200) cpu_start: Pro cpu start user code[0m
[0;32mI (200) cpu_start: cpu freq: 160000000 Hz[0m
[0;32mI (202) app_init: Application information:[0m
[0;32mI (205) app_init: Project name:     esp32-s3-mp3-player[0m
[0;32mI (210) app_init: App version:      1[0m
