Command: E:\ESP\Espressif\python_env\idf5.5_py3.11_env\Scripts\python.exe E:\Development\tools/idf_monitor.py -p COM3 -b 115200 --toolchain-prefix xtensa-esp32s3-elf- --target esp32s3 --revision 0 E:\CProjects\esp32-s3-mp3-player\build\esp32-s3-mp3-player.elf E:\CProjects\esp32-s3-mp3-player\build\bootloader\bootloader.elf --force-color -m 'E:\ESP\Espressif\python_env\idf5.5_py3.11_env\Scripts\python.exe' 'E:\Development\tools\idf.py' '-B'
@�J*�ESP-ROM:esp32s3-20210327
Build:Mar 27 2021
rst:0x1 (POWERON),boot:0x8 (SPI_FAST_FLASH_BOOT)
SPIWP:0xee
mode:DIO, clock div:1
load:0x3fce2820,len:0x14f0
load:0x403c8700,len:0xd24
load:0x403cb700,len:0x2ef0
entry 0x403c8924
[0;32mI (24) boot: ESP-IDF v5.5.3-dirty 2nd stage bootloader[0m
[0;32mI (25) boot: compile time Mar 15 2026 14:33:44[0m
[0;32mI (25) boot: Multicore bootloader[0m
[0;32mI (25) boot: chip revision: v0.2[0m
[0;32mI (28) boot: efuse block revision: v1.4[0m
[0;32mI (32) boot.esp32s3: Boot SPI Speed : 80MHz[0m
[0;32mI (36) boot.esp32s3: SPI Mode       : DIO[0m
[0;32mI (39) boot.esp32s3: SPI Flash Size : 2MB[0m
[0;32mI (43) boot: Enabling RNG early entropy source...[0m
[0;32mI (48) boot: Partition Table:[0m
[0;32mI (50) boot: ## Label            Usage          Type ST Offset   Length[0m
[0;32mI (57) boot:  0 nvs              WiFi data        01 02 00009000 00006000[0m
[0;32mI (63) boot:  1 phy_init         RF data          01 01 0000f000 00001000[0m
[0;32mI (70) boot:  2 factory          factory app      00 00 00010000 00100000[0m
[0;32mI (76) boot: End of partition table[0m
[0;32mI (79) esp_image: segment 0: paddr=00010020 vaddr=3c050020 size=10f4ch ( 69452) map[0m
[0;32mI (99) esp_image: segment 1: paddr=00020f74 vaddr=3fc95200 size=0332ch ( 13100) load[0m
[0;32mI (102) esp_image: segment 2: paddr=000242a8 vaddr=40374000 size=0bd70h ( 48496) load[0m
[0;32mI (113) esp_image: segment 3: paddr=00030020 vaddr=42000020 size=41648h (267848) map[0m
[0;32mI (161) esp_image: segment 4: paddr=00071670 vaddr=4037fd70 size=05440h ( 21568) load[0m
[0;32mI (166) esp_image: segment 5: paddr=00076ab8 vaddr=50000000 size=00020h (    32) load[0m
[0;32mI (173) boot: Loaded app from partition at offset 0x10000[0m
[0;32mI (173) boot: Disabling RNG early entropy source...[0m
[0;32mI (186) cpu_start: Multicore app[0m
[0;32mI (195) cpu_start: GPIO 44 and 43 are used as console UART I/O pins[0m
[0;32mI (196) cpu_start: Pro cpu start user code[0m
[0;32mI (196) cpu_start: cpu freq: 160000000 Hz[0m
[0;32mI (197) app_init: Application information:[0m
[0;32mI (201) app_init: Project name:     esp32-s3-mp3-player[0m
[0;32mI (206) app_init: App version:      1[0m
[0;32mI (209) app_init: Compile time:     Mar 15 2026 20:52:28[0m
[0;32mI (214) app_init: ELF file SHA256:  6098c51cb...[0m
[0;32mI (219) app_init: ESP-IDF:          v5.5.3-dirty[0m
[0;32mI (223) efuse_init: Min chip rev:     v0.0[0m
[0;32mI (227) efuse_init: Max chip rev:     v0.99 [0m
[0;32mI (231) efuse_init: Chip rev:         v0.2[0m
[0;32mI (235) heap_init: Initializing. RAM available for dynamic allocation:[0m
[0;32mI (241) heap_init: At 3FCA1318 len 000483F8 (288 KiB): RAM[0m
[0;32mI (246) heap_init: At 3FCE9710 len 00005724 (21 KiB): RAM[0m
[0;32mI (251) heap_init: At 3FCF0000 len 00008000 (32 KiB): DRAM[0m
[0;32mI (256) heap_init: At 600FE000 len 00001FE8 (7 KiB): RTCRAM[0m
[0;32mI (263) spi_flash: detected chip: boya[0m
[0;32mI (265) spi_flash: flash io: dio[0m
[0;33mW (268) spi_flash: Detected size(16384k) larger than the size in the binary image header(2048k). Using the size in the binary image header.[0m
[0;32mI (281) sleep_gpio: Configure to isolate all GPIO pins in sleep state[0m
[0;32mI (287) sleep_gpio: Enable automatic switching of GPIO sleep configuration[0m
[0;32mI (294) main_task: Started on CPU0[0m
[0;32mI (314) main_task: Calling app_main()[0m
[0;32mI (314) MP3_UI: Initializing display[0m
[1;31mE (5424) task_wdt: Task watchdog got triggered. The following tasks/users did not reset the watchdog in time:[0m
[1;31mE (5424) task_wdt:  - IDLE0 (CPU 0)[0m
[1;31mE (5424) task_wdt: Tasks currently running:[0m
[1;31mE (5424) task_wdt: CPU 0: lvgl_tick[0m
[1;31mE (5424) task_wdt: CPU 1: IDLE1[0m
[1;31mE (5424) task_wdt: Print CPU 0 (current core) backtrace[0m


Backtrace: 0x42032E36:0x3FC96470 0x4203324C:0x3FC96490 0x40377015:0x3FC964C0 0x4037D90A:0x3FCEA9A0 0x42009E5C:0x3FCEA9C0 0x4037BD0D:0x3FCEA9E0

[1;31mE (10424) task_wdt: Task watchdog got triggered. The following tasks/users did not reset the watchdog in time:[0m
[1;31mE (10424) task_wdt:  - IDLE0 (CPU 0)[0m
[1;31mE (10424) task_wdt: Tasks currently running:[0m
[1;31mE (10424) task_wdt: CPU 0: lvgl_tick[0m
[1;31mE (10424) task_wdt: CPU 1: IDLE1[0m
[1;31mE (10424) task_wdt: Print CPU 0 (current core) backtrace[0m


Backtrace: 0x42032E36:0x3FC96470 0x4203324C:0x3FC96490 0x40377015:0x3FC964C0 0x4037D90A:0x3FCEA9A0 0x42009E5C:0x3FCEA9C0 0x4037BD0D:0x3FCEA9E0

[1;31mE (15424) task_wdt: Task watchdog got triggered. The following tasks/users did not reset the watchdog in time:[0m
[1;31mE (15424) task_wdt:  - IDLE0 (CPU 0)[0m
[1;31mE (15424) task_wdt: Tasks currently running:[0m
[1;31mE (15424) task_wdt: CPU 0: lvgl_tick[0m
[1;31mE (15424) task_wdt: CPU 1: IDLE1[0m
[1;31mE (15424) task_wdt: Print CPU 0 (current core) backtrace[0m


Backtrace: 0x42032E36:0x3FC96470 0x4203324C:0x3FC96490 0x40377015:0x3FC964C0 0x4037D90A:0x3FCEA9A0 0x42009E5C:0x3FCEA9C0 0x4037BD0D:0x3FCEA9E0

[1;31mE (20424) task_wdt: Task watchdog got triggered. The following tasks/users did not reset the watchdog in time:[0m
[1;31mE (20424) task_wdt:  - IDLE0 (CPU 0)[0m
[1;31mE (20424) task_wdt: Tasks currently running:[0m
[1;31mE (20424) task_wdt: CPU 0: lvgl_tick[0m
[1;31mE (20424) task_wdt: CPU 1: IDLE1[0m
[1;31mE (20424) task_wdt: Print CPU 0 (current core) backtrace[0m


Backtrace: 0x42032E36:0x3FC96470 0x4203324C:0x3FC96490 0x40377015:0x3FC964C0 0x4037D90A:0x3FCEA9A0 0x42009E5C:0x3FCEA9C0 0x4037BD0D:0x3FCEA9E0

[1;31mE (25424) task_wdt: Task watchdog got triggered. The following tasks/users did not reset the watchdog in time:[0m
[1;31mE (25424) task_wdt:  - IDLE0 (CPU 0)[0m
[1;31mE (25424) task_wdt: Tasks currently running:[0m
[1;31mE (25424) task_wdt: CPU 0: lvgl_tick[0m
[1;31mE (25424) task_wdt: CPU 1: IDLE1[0m
[1;31mE (25424) task_wdt: Print CPU 0 (current core) backtrace[0m


Backtrace: 0x42032E36:0x3FC96470 0x4203324C:0x3FC96490 0x40377015:0x3FC964C0 0x4037D90A:0x3FCEA9A0 0x42009E5C:0x3FCEA9C0 0x4037BD0D:0x3FCEA9E0

[1;31mE (30424) task_wdt: Task watchdog got triggered. The following tasks/users did not reset the watchdog in time:[0m
[1;31mE (30424) task_wdt:  - IDLE0 (CPU 0)[0m
[1;31mE (30424) task_wdt: Tasks currently running:[0m
[1;31mE (30424) task_wdt: CPU 0: lvgl_tick[0m
[1;31mE (30424) task_wdt: CPU 1: IDLE1[0m
[1;31mE (30424) task_wdt: Print CPU 0 (current core) backtrace[0m


Backtrace: 0x42032E36:0x3FC96470 0x4203324C:0x3FC96490 0x40377015:0x3FC964C0 0x4037D90A:0x3FCEA9A0 0x42009E5C:0x3FCEA9C0 0x4037BD0D:0x3FCEA9E0

[1;31mE (35424) task_wdt: Task watchdog got triggered. The following tasks/users did not reset the watchdog in time:[0m
[1;31mE (35424) task_wdt:  - IDLE0 (CPU 0)[0m
[1;31mE (35424) task_wdt: Tasks currently running:[0m
[1;31mE (35424) task_wdt: CPU 0: lvgl_tick[0m
[1;31mE (35424) task_wdt: CPU 1: IDLE1[0m
[1;31mE (35424) task_wdt: Print CPU 0 (current core) backtrace[0m


Backtrace: 0x42032E36:0x3FC96470 0x4203324C:0x3FC96490 0x40377015:0x3FC964C0 0x4037D90A:0x3FCEA9A0 0x42009E5C:0x3FCEA9C0 0x4037BD0D:0x3FCEA9E0

[1;31mE (40424) task_wdt: Task watchdog got triggered. The following tasks/users did not reset the watchdog in time:[0m
[1;31mE (40424) task_wdt:  - IDLE0 (CPU 0)[0m
[1;31mE (40424) task_wdt: Tasks currently running:[0m
[1;31mE (40424) task_wdt: CPU 0: lvgl_tick[0m
[1;31mE (40424) task_wdt: CPU 1: IDLE1[0m
[1;31mE (40424) task_wdt: Print CPU 0 (current core) backtrace[0m


Backtrace: 0x42032E36:0x3FC96470 0x4203324C:0x3FC96490 0x40377015:0x3FC964C0 0x4037D90A:0x3FCEA9A0 0x42009E5C:0x3FCEA9C0 0x4037BD0D:0x3FCEA9E0

[1;31mE (45424) task_wdt: Task watchdog got triggered. The following tasks/users did not reset the watchdog in time:[0m
[1;31mE (45424) task_wdt:  - IDLE0 (CPU 0)[0m
[1;31mE (45424) task_wdt: Tasks currently running:[0m
[1;31mE (45424) task_wdt: CPU 0: lvgl_tick[0m
[1;31mE (45424) task_wdt: CPU 1: IDLE1[0m
[1;31mE (45424) task_wdt: Print CPU 0 (current core) backtrace[0m


Backtrace: 0x42032E36:0x3FC96470 0x4203324C:0x3FC96490 0x40377015:0x3FC964C0 0x4037D90A:0x3FCEA9A0 0x42009E5C:0x3FCEA9C0 0x4037BD0D:0x3FCEA9E0

[1;31mE (50424) task_wdt: Task watchdog got triggered. The following tasks/users did not reset the watchdog in time:[0m
[1;31mE (50424) task_wdt:  - IDLE0 (CPU 0)[0m
[1;31mE (50424) task_wdt: Tasks currently running:[0m
[1;31mE (50424) task_wdt: CPU 0: lvgl_tick[0m
[1;31mE (50424) task_wdt: CPU 1: IDLE1[0m
[1;31mE (50424) task_wdt: Print CPU 0 (current core) backtrace[0m


Backtrace: 0x42032E36:0x3FC96470 0x4203324C:0x3FC96490 0x40377015:0x3FC964C0 0x4037D90A:0x3FCEA9A0 0x42009E5C:0x3FCEA9C0 0x4037BD0D:0x3FCEA9E0

[1;31mE (55424) task_wdt: Task watchdog got triggered. The following tasks/users did not reset the watchdog in time:[0m
[1;31mE (55424) task_wdt:  - IDLE0 (CPU 0)[0m
[1;31mE (55424) task_wdt: Tasks currently running:[0m
[1;31mE (55424) task_wdt: CPU 0: lvgl_tick[0m
[1;31mE (55424) task_wdt: CPU 1: IDLE1[0m
[1;31mE (55424) task_wdt: Print CPU 0 (current core) backtrace[0m


Backtrace: 0x42032E36:0x3FC96470 0x4203324C:0x3FC96490 0x40377015:0x3FC964C0 0x4037D90A:0x3FCEA9A0 0x42009E5C:0x3FCEA9C0 0x4037BD0D:0x3FCEA9E0

[1;31mE (60424) task_wdt: Task watchdog got triggered. The following tasks/users did not reset the watchdog in time:[0m
[1;31mE (60424) task_wdt:  - IDLE0 (CPU 0)[0m
[1;31mE (60424) task_wdt: Tasks currently running:[0m
[1;31mE (60424) task_wdt: CPU 0: lvgl_tick[0m
[1;31mE (60424) task_wdt: CPU 1: IDLE1[0m
[1;31mE (60424) task_wdt: Print CPU 0 (current core) backtrace[0m


Backtrace: 0x42032E36:0x3FC96470 0x4203324C:0x3FC96490 0x40377015:0x3FC964C0 0x4037D90A:0x3FCEA9A0 0x42009E5C:0x3FCEA9C0 0x4037BD0D:0x3FCEA9E0

[1;31mE (65424) task_wdt: Task watchdog got triggered. The following tasks/users did not reset the watchdog in time:[0m
[1;31mE (65424) task_wdt:  - IDLE0 (CPU 0)[0m
[1;31mE (65424) task_wdt: Tasks currently running:[0m
[1;31mE (65424) task_wdt: CPU 0: lvgl_tick[0m
[1;31mE (65424) task_wdt: CPU 1: IDLE1[0m
[1;31mE (65424) task_wdt: Print CPU 0 (current core) backtrace[0m


Backtrace: 0x42032E36:0x3FC96470 0x4203324C:0x3FC96490 0x40377015:0x3FC964C0 0x4037D90A:0x3FCEA9A0 0x42009E5C:0x3FCEA9C0 0x4037BD0D:0x3FCEA9E0

[1;31mE (70424) task_wdt: Task watchdog got triggered. The following tasks/users did not reset the watchdog in time:[0m
[1;31mE (70424) task_wdt:  - IDLE0 (CPU 0)[0m
[1;31mE (70424) task_wdt: Tasks currently running:[0m
[1;31mE (70424) task_wdt: CPU 0: lvgl_tick[0m
[1;31mE (70424) task_wdt: CPU 1: IDLE1[0m
[1;31mE (70424) task_wdt: Print CPU 0 (current core) backtrace[0m


Backtrace: 0x42032E36:0x3FC96470 0x4203324C:0x3FC96490 0x40377015:0x3FC964C0 0x4037D90A:0x3FCEA9A0 0x42009E5C:0x3FCEA9C0 0x4037BD0D:0x3FCEA9E0

